5IO_Keypad.c:54:10:KeypadScan	24	static
5IO_Keypad.c:84:6:KeypadScanTest	24	static
5IO_Keypad.c:115:13:ConfigurationGnd	48	static
5IO_Keypad.c:130:13:ConfigurationLine1	48	static
5IO_Keypad.c:153:13:ConfigurationLine2	48	static
5IO_Keypad.c:177:13:ConfigurationLine3	48	static
5IO_Keypad.c:201:13:ConfigurationLine4	48	static
5IO_Keypad.c:226:13:GndScanStart	16	static
5IO_Keypad.c:240:17:GndScanDetection	24	static
5IO_Keypad.c:278:13:GndScanOver	16	static
5IO_Keypad.c:290:13:Line1ScanStart	16	static
5IO_Keypad.c:304:17:Line1ScanDetection	24	static
5IO_Keypad.c:338:13:Line1ScanOver	16	static
5IO_Keypad.c:350:13:Line2ScanStart	16	static
5IO_Keypad.c:364:17:Line2ScanDetection	24	static
5IO_Keypad.c:394:13:Line2ScanOver	16	static
5IO_Keypad.c:406:13:Line3ScanStart	16	static
5IO_Keypad.c:420:17:Line3ScanDetection	24	static
5IO_Keypad.c:446:13:Line3ScanOver	16	static
5IO_Keypad.c:458:13:Line4ScanStart	16	static
5IO_Keypad.c:472:17:Line4ScanDetection	24	static
5IO_Keypad.c:491:13:Line4ScanOver	16	static
