5IO_Keypad.c:54:10:KeypadScan	16	static
5IO_Keypad.c:84:6:KeypadScanTest	16	static
5IO_Keypad.c:115:13:ConfigurationGnd	32	static
5IO_Keypad.c:131:13:ConfigurationLine1	32	static
5IO_Keypad.c:152:13:ConfigurationLine2	32	static
5IO_Keypad.c:174:13:ConfigurationLine3	32	static
5IO_Keypad.c:196:13:ConfigurationLine4	32	static
5IO_Keypad.c:219:13:GndScanStart	8	static
5IO_Keypad.c:233:17:GndScanDetection	16	static
5IO_Keypad.c:271:13:GndScanOver	8	static
5IO_Keypad.c:283:13:Line1ScanStart	8	static
5IO_Keypad.c:297:17:Line1ScanDetection	16	static
5IO_Keypad.c:331:13:Line1ScanOver	8	static
5IO_Keypad.c:343:13:Line2ScanStart	8	static
5IO_Keypad.c:357:17:Line2ScanDetection	16	static
5IO_Keypad.c:387:13:Line2ScanOver	8	static
5IO_Keypad.c:399:13:Line3ScanStart	8	static
5IO_Keypad.c:413:17:Line3ScanDetection	16	static
5IO_Keypad.c:439:13:Line3ScanOver	8	static
5IO_Keypad.c:451:13:Line4ScanStart	8	static
5IO_Keypad.c:465:17:Line4ScanDetection	16	static
5IO_Keypad.c:484:13:Line4ScanOver	8	static
