Archive member included to satisfy reference by file (symbol)

d:/st/stm32cubeide_1.3.0/stm32cubeide/plugins/com.st.stm32cube.ide.mcu.externaltools.gnu-tools-for-stm32.7-2018-q2-update.win32_1.0.0.201904181610/tools/bin/../lib/gcc/arm-none-eabi/7.3.1/../../../../arm-none-eabi/lib/thumb/v7e-m/fpv4-sp/hard\libc_nano.a(lib_a-errno.o)
                              Core/Src/syscalls.o (__errno)
d:/st/stm32cubeide_1.3.0/stm32cubeide/plugins/com.st.stm32cube.ide.mcu.externaltools.gnu-tools-for-stm32.7-2018-q2-update.win32_1.0.0.201904181610/tools/bin/../lib/gcc/arm-none-eabi/7.3.1/../../../../arm-none-eabi/lib/thumb/v7e-m/fpv4-sp/hard\libc_nano.a(lib_a-exit.o)
                              d:/st/stm32cubeide_1.3.0/stm32cubeide/plugins/com.st.stm32cube.ide.mcu.externaltools.gnu-tools-for-stm32.7-2018-q2-update.win32_1.0.0.201904181610/tools/bin/../lib/gcc/arm-none-eabi/7.3.1/../../../../arm-none-eabi/lib/thumb/v7e-m/fpv4-sp/hard/crt0.o (exit)
d:/st/stm32cubeide_1.3.0/stm32cubeide/plugins/com.st.stm32cube.ide.mcu.externaltools.gnu-tools-for-stm32.7-2018-q2-update.win32_1.0.0.201904181610/tools/bin/../lib/gcc/arm-none-eabi/7.3.1/../../../../arm-none-eabi/lib/thumb/v7e-m/fpv4-sp/hard\libc_nano.a(lib_a-impure.o)
                              d:/st/stm32cubeide_1.3.0/stm32cubeide/plugins/com.st.stm32cube.ide.mcu.externaltools.gnu-tools-for-stm32.7-2018-q2-update.win32_1.0.0.201904181610/tools/bin/../lib/gcc/arm-none-eabi/7.3.1/../../../../arm-none-eabi/lib/thumb/v7e-m/fpv4-sp/hard\libc_nano.a(lib_a-exit.o) (_global_impure_ptr)
d:/st/stm32cubeide_1.3.0/stm32cubeide/plugins/com.st.stm32cube.ide.mcu.externaltools.gnu-tools-for-stm32.7-2018-q2-update.win32_1.0.0.201904181610/tools/bin/../lib/gcc/arm-none-eabi/7.3.1/../../../../arm-none-eabi/lib/thumb/v7e-m/fpv4-sp/hard\libc_nano.a(lib_a-init.o)
                              d:/st/stm32cubeide_1.3.0/stm32cubeide/plugins/com.st.stm32cube.ide.mcu.externaltools.gnu-tools-for-stm32.7-2018-q2-update.win32_1.0.0.201904181610/tools/bin/../lib/gcc/arm-none-eabi/7.3.1/../../../../arm-none-eabi/lib/thumb/v7e-m/fpv4-sp/hard/crt0.o (__libc_init_array)
d:/st/stm32cubeide_1.3.0/stm32cubeide/plugins/com.st.stm32cube.ide.mcu.externaltools.gnu-tools-for-stm32.7-2018-q2-update.win32_1.0.0.201904181610/tools/bin/../lib/gcc/arm-none-eabi/7.3.1/../../../../arm-none-eabi/lib/thumb/v7e-m/fpv4-sp/hard\libc_nano.a(lib_a-malloc.o)
                              Middlewares/ST/STM32_USB_Device_Library/Class/CustomHID/Src/usbd_customhid.o (malloc)
d:/st/stm32cubeide_1.3.0/stm32cubeide/plugins/com.st.stm32cube.ide.mcu.externaltools.gnu-tools-for-stm32.7-2018-q2-update.win32_1.0.0.201904181610/tools/bin/../lib/gcc/arm-none-eabi/7.3.1/../../../../arm-none-eabi/lib/thumb/v7e-m/fpv4-sp/hard\libc_nano.a(lib_a-memset.o)
                              d:/st/stm32cubeide_1.3.0/stm32cubeide/plugins/com.st.stm32cube.ide.mcu.externaltools.gnu-tools-for-stm32.7-2018-q2-update.win32_1.0.0.201904181610/tools/bin/../lib/gcc/arm-none-eabi/7.3.1/../../../../arm-none-eabi/lib/thumb/v7e-m/fpv4-sp/hard/crt0.o (memset)
d:/st/stm32cubeide_1.3.0/stm32cubeide/plugins/com.st.stm32cube.ide.mcu.externaltools.gnu-tools-for-stm32.7-2018-q2-update.win32_1.0.0.201904181610/tools/bin/../lib/gcc/arm-none-eabi/7.3.1/../../../../arm-none-eabi/lib/thumb/v7e-m/fpv4-sp/hard\libc_nano.a(lib_a-nano-freer.o)
                              d:/st/stm32cubeide_1.3.0/stm32cubeide/plugins/com.st.stm32cube.ide.mcu.externaltools.gnu-tools-for-stm32.7-2018-q2-update.win32_1.0.0.201904181610/tools/bin/../lib/gcc/arm-none-eabi/7.3.1/../../../../arm-none-eabi/lib/thumb/v7e-m/fpv4-sp/hard\libc_nano.a(lib_a-malloc.o) (_free_r)
d:/st/stm32cubeide_1.3.0/stm32cubeide/plugins/com.st.stm32cube.ide.mcu.externaltools.gnu-tools-for-stm32.7-2018-q2-update.win32_1.0.0.201904181610/tools/bin/../lib/gcc/arm-none-eabi/7.3.1/../../../../arm-none-eabi/lib/thumb/v7e-m/fpv4-sp/hard\libc_nano.a(lib_a-nano-mallocr.o)
                              d:/st/stm32cubeide_1.3.0/stm32cubeide/plugins/com.st.stm32cube.ide.mcu.externaltools.gnu-tools-for-stm32.7-2018-q2-update.win32_1.0.0.201904181610/tools/bin/../lib/gcc/arm-none-eabi/7.3.1/../../../../arm-none-eabi/lib/thumb/v7e-m/fpv4-sp/hard\libc_nano.a(lib_a-malloc.o) (_malloc_r)
d:/st/stm32cubeide_1.3.0/stm32cubeide/plugins/com.st.stm32cube.ide.mcu.externaltools.gnu-tools-for-stm32.7-2018-q2-update.win32_1.0.0.201904181610/tools/bin/../lib/gcc/arm-none-eabi/7.3.1/../../../../arm-none-eabi/lib/thumb/v7e-m/fpv4-sp/hard\libc_nano.a(lib_a-printf.o)
                              Core/Src/5IO_Keypad.o (printf)
d:/st/stm32cubeide_1.3.0/stm32cubeide/plugins/com.st.stm32cube.ide.mcu.externaltools.gnu-tools-for-stm32.7-2018-q2-update.win32_1.0.0.201904181610/tools/bin/../lib/gcc/arm-none-eabi/7.3.1/../../../../arm-none-eabi/lib/thumb/v7e-m/fpv4-sp/hard\libc_nano.a(lib_a-puts.o)
                              Core/Src/5IO_Keypad.o (puts)
[...]
Memory Configuration

Name             Origin             Length             Attributes
CCMRAM           0x0000000010000000 0x0000000000010000 xrw
RAM              0x0000000020000000 0x0000000000020000 xrw
FLASH            0x0000000008000000 0x0000000000100000 xr
*default*        0x0000000000000000 0xffffffffffffffff

Linker script and memory map

LOAD d:/st/stm32cubeide_1.3.0/stm32cubeide/plugins/com.st.stm32cube.ide.mcu.externaltools.gnu-tools-for-stm32.7-2018-q2-update.win32_1.0.0.201904181610/tools/bin/../lib/gcc/arm-none-eabi/7.3.1/thumb/v7e-m/fpv4-sp/hard/crti.o
LOAD d:/st/stm32cubeide_1.3.0/stm32cubeide/plugins/com.st.stm32cube.ide.mcu.externaltools.gnu-tools-for-stm32.7-2018-q2-update.win32_1.0.0.201904181610/tools/bin/../lib/gcc/arm-none-eabi/7.3.1/thumb/v7e-m/fpv4-sp/hard/crtbegin.o
LOAD d:/st/stm32cubeide_1.3.0/stm32cubeide/plugins/com.st.stm32cube.ide.mcu.externaltools.gnu-tools-for-stm32.7-2018-q2-update.win32_1.0.0.201904181610/tools/bin/../lib/gcc/arm-none-eabi/7.3.1/../../../../arm-none-eabi/lib/thumb/v7e-m/fpv4-sp/hard/crt0.o
LOAD Core/Src/5IO_Keypad.o
LOAD Core/Src/main.o
LOAD Core/Src/stm32f4xx_hal_msp.o
LOAD Core/Src/stm32f4xx_it.o
LOAD Core/Src/syscalls.o
LOAD Core/Src/sysmem.o
LOAD Core/Src/system_stm32f4xx.o
LOAD Core/Startup/startup_stm32f407vgtx.o
LOAD Drivers/STM32F4xx_HAL_Driver/Src/stm32f4xx_hal.o
LOAD Drivers/STM32F4xx_HAL_Driver/Src/stm32f4xx_hal_cortex.o
LOAD Drivers/STM32F4xx_HAL_Driver/Src/stm32f4xx_hal_dma.o
LOAD Drivers/STM32F4xx_HAL_Driver/Src/stm32f4xx_hal_dma_ex.o
LOAD Drivers/STM32F4xx_HAL_Driver/Src/stm32f4xx_hal_exti.o
LOAD Drivers/STM32F4xx_HAL_Driver/Src/stm32f4xx_hal_flash.o
LOAD Drivers/STM32F4xx_HAL_Driver/Src/stm32f4xx_hal_flash_ex.o
LOAD Drivers/STM32F4xx_HAL_Driver/Src/stm32f4xx_hal_flash_ramfunc.o
LOAD Drivers/STM32F4xx_HAL_Driver/Src/stm32f4xx_hal_gpio.o
LOAD Drivers/STM32F4xx_HAL_Driver/Src/stm32f4xx_hal_pcd.o
LOAD Drivers/STM32F4xx_HAL_Driver/Src/stm32f4xx_hal_pcd_ex.o
LOAD Drivers/STM32F4xx_HAL_Driver/Src/stm32f4xx_hal_pwr.o
LOAD Drivers/STM32F4xx_HAL_Driver/Src/stm32f4xx_hal_pwr_ex.o
LOAD Drivers/STM32F4xx_HAL_Driver/Src/stm32f4xx_hal_rcc.o
LOAD Drivers/STM32F4xx_HAL_Driver/Src/stm32f4xx_hal_rcc_ex.o
LOAD Drivers/STM32F4xx_HAL_Driver/Src/stm32f4xx_hal_tim.o
LOAD Drivers/STM32F4xx_HAL_Driver/Src/stm32f4xx_hal_tim_ex.o
LOAD Drivers/STM32F4xx_HAL_Driver/Src/stm32f4xx_ll_usb.o
LOAD Middlewares/ST/STM32_USB_Device_Library/Class/CustomHID/Src/usbd_customhid.o
LOAD Middlewares/ST/STM32_USB_Device_Library/Core/Src/usbd_core.o
LOAD Middlewares/ST/STM32_USB_Device_Library/Core/Src/usbd_ctlreq.o
LOAD Middlewares/ST/STM32_USB_Device_Library/Core/Src/usbd_ioreq.o
LOAD USB_DEVICE/App/usb_device.o
LOAD USB_DEVICE/App/usbd_custom_hid_if.o
LOAD USB_DEVICE/App/usbd_desc.o
LOAD USB_DEVICE/Target/usbd_conf.o
START GROUP
LOAD d:/st/stm32cubeide_1.3.0/stm32cubeide/plugins/com.st.stm32cube.ide.mcu.externaltools.gnu-tools-for-stm32.7-2018-q2-update.win32_1.0.0.201904181610/tools/bin/../lib/gcc/arm-none-eabi/7.3.1/../../../../arm-none-eabi/lib/thumb/v7e-m/fpv4-sp/hard\libc_nano.a
LOAD d:/st/stm32cubeide_1.3.0/stm32cubeide/plugins/com.st.stm32cube.ide.mcu.externaltools.gnu-tools-for-stm32.7-2018-q2-update.win32_1.0.0.201904181610/tools/bin/../lib/gcc/arm-none-eabi/7.3.1/../../../../arm-none-eabi/lib/thumb/v7e-m/fpv4-sp/hard\libm.a
END GROUP
START GROUP
LOAD d:/st/stm32cubeide_1.3.0/stm32cubeide/plugins/com.st.stm32cube.ide.mcu.externaltools.gnu-tools-for-stm32.7-2018-q2-update.win32_1.0.0.201904181610/tools/bin/../lib/gcc/arm-none-eabi/7.3.1/thumb/v7e-m/fpv4-sp/hard\libgcc.a
LOAD d:/st/stm32cubeide_1.3.0/stm32cubeide/plugins/com.st.stm32cube.ide.mcu.externaltools.gnu-tools-for-stm32.7-2018-q2-update.win32_1.0.0.201904181610/tools/bin/../lib/gcc/arm-none-eabi/7.3.1/../../../../arm-none-eabi/lib/thumb/v7e-m/fpv4-sp/hard\libc_nano.a
END GROUP
START GROUP
LOAD d:/st/stm32cubeide_1.3.0/stm32cubeide/plugins/com.st.stm32cube.ide.mcu.externaltools.gnu-tools-for-stm32.7-2018-q2-update.win32_1.0.0.201904181610/tools/bin/../lib/gcc/arm-none-eabi/7.3.1/thumb/v7e-m/fpv4-sp/hard\libgcc.a
LOAD d:/st/stm32cubeide_1.3.0/stm32cubeide/plugins/com.st.stm32cube.ide.mcu.externaltools.gnu-tools-for-stm32.7-2018-q2-update.win32_1.0.0.201904181610/tools/bin/../lib/gcc/arm-none-eabi/7.3.1/../../../../arm-none-eabi/lib/thumb/v7e-m/fpv4-sp/hard\libc_nano.a
LOAD d:/st/stm32cubeide_1.3.0/stm32cubeide/plugins/com.st.stm32cube.ide.mcu.externaltools.gnu-tools-for-stm32.7-2018-q2-update.win32_1.0.0.201904181610/tools/bin/../lib/gcc/arm-none-eabi/7.3.1/../../../../arm-none-eabi/lib/thumb/v7e-m/fpv4-sp/hard\libnosys.a
END GROUP
START GROUP
LOAD d:/st/stm32cubeide_1.3.0/stm32cubeide/plugins/com.st.stm32cube.ide.mcu.externaltools.gnu-tools-for-stm32.7-2018-q2-update.win32_1.0.0.201904181610/tools/bin/../lib/gcc/arm-none-eabi/7.3.1/thumb/v7e-m/fpv4-sp/hard\libgcc.a
LOAD d:/st/stm32cubeide_1.3.0/stm32cubeide/plugins/com.st.stm32cube.ide.mcu.externaltools.gnu-tools-for-stm32.7-2018-q2-update.win32_1.0.0.201904181610/tools/bin/../lib/gcc/arm-none-eabi/7.3.1/../../../../arm-none-eabi/lib/thumb/v7e-m/fpv4-sp/hard\libc_nano.a
LOAD d:/st/stm32cubeide_1.3.0/stm32cubeide/plugins/com.st.stm32cube.ide.mcu.externaltools.gnu-tools-for-stm32.7-2018-q2-update.win32_1.0.0.201904181610/tools/bin/../lib/gcc/arm-none-eabi/7.3.1/../../../../arm-none-eabi/lib/thumb/v7e-m/fpv4-sp/hard\libnosys.a
END GROUP
LOAD d:/st/stm32cubeide_1.3.0/stm32cubeide/plugins/com.st.stm32cube.ide.mcu.externaltools.gnu-tools-for-stm32.7-2018-q2-update.win32_1.0.0.201904181610/tools/bin/../lib/gcc/arm-none-eabi/7.3.1/thumb/v7e-m/fpv4-sp/hard/crtend.o
LOAD d:/st/stm32cubeide_1.3.0/stm32cubeide/plugins/com.st.stm32cube.ide.mcu.externaltools.gnu-tools-for-stm32.7-2018-q2-update.win32_1.0.0.201904181610/tools/bin/../lib/gcc/arm-none-eabi/7.3.1/thumb/v7e-m/fpv4-sp/hard/crtn.o
                0x0000000020020000                _estack = (ORIGIN (RAM) + LENGTH (RAM))
                0x0000000000000200                _Min_Heap_Size = 0x200
                0x0000000000000400                _Min_Stack_Size = 0x400

.isr_vector     0x0000000008000000      0x188
                0x0000000008000000                . = ALIGN (0x4)
 *(.isr_vector)
 .isr_vector    0x0000000008000000      0x188 Core/Startup/startup_stm32f407vgtx.o
                0x0000000008000000                g_pfnVectors
                0x0000000008000188                . = ALIGN (0x4)

.text           0x0000000008000188     0x78f0
                0x0000000008000188                . = ALIGN (0x4)
 *(.text)
 .text          0x0000000008000188       0x40 d:/st/stm32cubeide_1.3.0/stm32cubeide/plugins/com.st.stm32cube.ide.mcu.externaltools.gnu-tools-for-stm32.7-2018-q2-update.win32_1.0.0.201904181610/tools/bin/../lib/gcc/arm-none-eabi/7.3.1/thumb/v7e-m/fpv4-sp/hard/crtbegin.o
 .text          0x00000000080001c8       0x30 d:/st/stm32cubeide_1.3.0/stm32cubeide/plugins/com.st.stm32cube.ide.mcu.externaltools.gnu-tools-for-stm32.7-2018-q2-update.win32_1.0.0.201904181610/tools/bin/../lib/gcc/arm-none-eabi/7.3.1/thumb/v7e-m/fpv4-sp/hard\libgcc.a(_aeabi_uldivmod.o)
                0x00000000080001c8                __aeabi_uldivmod
 .text          0x00000000080001f8      0x2cc d:/st/stm32cubeide_1.3.0/stm32cubeide/plugins/com.st.stm32cube.ide.mcu.externaltools.gnu-tools-for-stm32.7-2018-q2-update.win32_1.0.0.201904181610/tools/bin/../lib/gcc/arm-none-eabi/7.3.1/thumb/v7e-m/fpv4-sp/hard\libgcc.a(_udivmoddi4.o)
                0x00000000080001f8                __udivmoddi4
 .text          0x00000000080004c4        0x4 d:/st/stm32cubeide_1.3.0/stm32cubeide/plugins/com.st.stm32cube.ide.mcu.externaltools.gnu-tools-for-stm32.7-2018-q2-update.win32_1.0.0.201904181610/tools/bin/../lib/gcc/arm-none-eabi/7.3.1/thumb/v7e-m/fpv4-sp/hard\libgcc.a(_dvmd_tls.o)
                0x00000000080004c4                __aeabi_idiv0
                0x00000000080004c4                __aeabi_ldiv0
 *(.text*)
 .text.KeypadScan
                0x00000000080004c8      0x140 Core/Src/5IO_Keypad.o
                0x00000000080004c8                KeypadScan
 .text.ConfigurationGnd
                0x0000000008000608       0xcc Core/Src/5IO_Keypad.o
                0x0000000008000608                ConfigurationGnd
 .text.ConfigurationLine1
                0x00000000080006d4      0x10c Core/Src/5IO_Keypad.o
                0x00000000080006d4                ConfigurationLine1
 .text.ConfigurationLine2
                0x00000000080007e0      0x130 Core/Src/5IO_Keypad.o
                0x00000000080007e0                ConfigurationLine2
 .text.ConfigurationLine3
                0x0000000008000910      0x144 Core/Src/5IO_Keypad.o
                0x0000000008000910                ConfigurationLine3
 .text.ConfigurationLine4
                0x0000000008000a54      0x158 Core/Src/5IO_Keypad.o
                0x0000000008000a54                ConfigurationLine4
 .text.GndScanStart
                0x0000000008000bac      0x110 Core/Src/5IO_Keypad.o
                0x0000000008000bac                GndScanStart
 .text.GndScanDetection
                0x0000000008000cbc      0x21c Core/Src/5IO_Keypad.o
                0x0000000008000cbc                GndScanDetection
 .text.GndScanOver
                0x0000000008000ed8      0x108 Core/Src/5IO_Keypad.o
                0x0000000008000ed8                GndScanOver
 .text.Line1ScanStart
                0x0000000008000fe0      0x188 Core/Src/5IO_Keypad.o
                0x0000000008000fe0                Line1ScanStart
 .text.Line1ScanDetection
                0x0000000008001168      0x19c Core/Src/5IO_Keypad.o
                0x0000000008001168                Line1ScanDetection
 .text.Line1ScanOver
                0x0000000008001304       0xe0 Core/Src/5IO_Keypad.o
                0x0000000008001304                Line1ScanOver
 .text.Line2ScanStart
                0x00000000080013e4       0xc0 Core/Src/5IO_Keypad.o
                0x00000000080013e4                Line2ScanStart
 .text.Line2ScanDetection
                0x00000000080014a4      0x144 Core/Src/5IO_Keypad.o
                0x00000000080014a4                Line2ScanDetection
 .text.Line2ScanOver
                0x00000000080015e8       0xb8 Core/Src/5IO_Keypad.o
                0x00000000080015e8                Line2ScanOver
 .text.Line3ScanStart
                0x00000000080016a0       0x98 Core/Src/5IO_Keypad.o
                0x00000000080016a0                Line3ScanStart
 .text.Line3ScanDetection
                0x0000000008001738       0xf0 Core/Src/5IO_Keypad.o
                0x0000000008001738                Line3ScanDetection
 .text.Line3ScanOver
                0x0000000008001828       0x90 Core/Src/5IO_Keypad.o
                0x0000000008001828                Line3ScanOver
 .text.Line4ScanStart
                0x00000000080018b8       0x70 Core/Src/5IO_Keypad.o
                0x00000000080018b8                Line4ScanStart
 .text.Line4ScanDetection
                0x0000000008001928       0x70 Core/Src/5IO_Keypad.o
                0x0000000008001928                Line4ScanDetection
 .text.Line4ScanOver
                0x0000000008001998       0x68 Core/Src/5IO_Keypad.o
                0x0000000008001998                Line4ScanOver
 .text.ResetGamepadReport
                0x0000000008001a00       0x30 Core/Src/main.o
                0x0000000008001a00                ResetGamepadReport
 .text.GetUserInput
                0x0000000008001a30      0x248 Core/Src/main.o
                0x0000000008001a30                GetUserInput
 .text.main     0x0000000008001c78       0x88 Core/Src/main.o
                0x0000000008001c78                main
 .text.SystemClock_Config
                0x0000000008001d00       0xd4 Core/Src/main.o
                0x0000000008001d00                SystemClock_Config
 .text.MX_GPIO_Init
                0x0000000008001dd4      0x114 Core/Src/main.o
 .text.Error_Handler
                0x0000000008001ee8        0xe Core/Src/main.o
                0x0000000008001ee8                Error_Handler
 *fill*         0x0000000008001ef6        0x2 
 .text.HAL_MspInit
                0x0000000008001ef8       0x50 Core/Src/stm32f4xx_hal_msp.o
                0x0000000008001ef8                HAL_MspInit
 .text.NMI_Handler
                0x0000000008001f48        0xe Core/Src/stm32f4xx_it.o
                0x0000000008001f48                NMI_Handler
 .text.HardFault_Handler
                0x0000000008001f56        0x6 Core/Src/stm32f4xx_it.o
                0x0000000008001f56                HardFault_Handler
 .text.MemManage_Handler
                0x0000000008001f5c        0x6 Core/Src/stm32f4xx_it.o
                0x0000000008001f5c                MemManage_Handler
 .text.BusFault_Handler
                0x0000000008001f62        0x6 Core/Src/stm32f4xx_it.o
                0x0000000008001f62                BusFault_Handler
 .text.UsageFault_Handler
                0x0000000008001f68        0x6 Core/Src/stm32f4xx_it.o
                0x0000000008001f68                UsageFault_Handler
 .text.SVC_Handler
                0x0000000008001f6e        0xe Core/Src/stm32f4xx_it.o
                0x0000000008001f6e                SVC_Handler
 .text.DebugMon_Handler
                0x0000000008001f7c        0xe Core/Src/stm32f4xx_it.o
                0x0000000008001f7c                DebugMon_Handler
 .text.PendSV_Handler
                0x0000000008001f8a        0xe Core/Src/stm32f4xx_it.o
                0x0000000008001f8a                PendSV_Handler
 .text.SysTick_Handler
                0x0000000008001f98        0xc Core/Src/stm32f4xx_it.o
                0x0000000008001f98                SysTick_Handler
 .text.OTG_FS_IRQHandler
                0x0000000008001fa4       0x14 Core/Src/stm32f4xx_it.o
                0x0000000008001fa4                OTG_FS_IRQHandler
 .text._sbrk    0x0000000008001fb8       0x58 Core/Src/sysmem.o
                0x0000000008001fb8                _sbrk
 .text.SystemInit
                0x0000000008002010       0x2c Core/Src/system_stm32f4xx.o
                0x0000000008002010                SystemInit
 .text.Reset_Handler
                0x000000000800203c       0x50 Core/Startup/startup_stm32f407vgtx.o
                0x000000000800203c                Reset_Handler
 .text.Default_Handler
                0x000000000800208c        0x2 Core/Startup/startup_stm32f407vgtx.o
                0x000000000800208c                RTC_Alarm_IRQHandler
                0x000000000800208c                HASH_RNG_IRQHandler
                0x000000000800208c                EXTI2_IRQHandler
                0x000000000800208c                TIM8_CC_IRQHandler
                0x000000000800208c                TIM1_CC_IRQHandler
                0x000000000800208c                DMA2_Stream5_IRQHandler
                0x000000000800208c                DMA1_Stream5_IRQHandler
                0x000000000800208c                PVD_IRQHandler
                0x000000000800208c                SDIO_IRQHandler
                0x000000000800208c                TAMP_STAMP_IRQHandler
                0x000000000800208c                CAN2_RX1_IRQHandler
                0x000000000800208c                EXTI3_IRQHandler
                0x000000000800208c                TIM8_TRG_COM_TIM14_IRQHandler
                0x000000000800208c                TIM1_UP_TIM10_IRQHandler
                0x000000000800208c                TIM8_UP_TIM13_IRQHandler
                0x000000000800208c                I2C3_ER_IRQHandler
                0x000000000800208c                EXTI0_IRQHandler
                0x000000000800208c                I2C2_EV_IRQHandler
                0x000000000800208c                DMA1_Stream2_IRQHandler
                0x000000000800208c                CAN1_RX0_IRQHandler
                0x000000000800208c                FPU_IRQHandler
                0x000000000800208c                OTG_HS_WKUP_IRQHandler
                0x000000000800208c                CAN2_SCE_IRQHandler
                0x000000000800208c                DMA2_Stream2_IRQHandler
                0x000000000800208c                SPI1_IRQHandler
                0x000000000800208c                TIM6_DAC_IRQHandler
                0x000000000800208c                TIM1_BRK_TIM9_IRQHandler
                0x000000000800208c                DCMI_IRQHandler
                0x000000000800208c                CAN2_RX0_IRQHandler
                0x000000000800208c                DMA2_Stream3_IRQHandler
                0x000000000800208c                USART6_IRQHandler
                0x000000000800208c                USART3_IRQHandler
                0x000000000800208c                CAN1_RX1_IRQHandler
                0x000000000800208c                UART5_IRQHandler
                0x000000000800208c                DMA2_Stream0_IRQHandler
                0x000000000800208c                TIM4_IRQHandler
                0x000000000800208c                I2C1_EV_IRQHandler
                0x000000000800208c                DMA1_Stream6_IRQHandler
                0x000000000800208c                DMA1_Stream1_IRQHandler
                0x000000000800208c                UART4_IRQHandler
                0x000000000800208c                TIM3_IRQHandler
                0x000000000800208c                RCC_IRQHandler
                0x000000000800208c                TIM8_BRK_TIM12_IRQHandler
                0x000000000800208c                Default_Handler
                0x000000000800208c                EXTI15_10_IRQHandler
                0x000000000800208c                ADC_IRQHandler
                0x000000000800208c                DMA1_Stream7_IRQHandler
                0x000000000800208c                TIM7_IRQHandler
                0x000000000800208c                CAN2_TX_IRQHandler
                0x000000000800208c                TIM5_IRQHandler
                0x000000000800208c                DMA2_Stream7_IRQHandler
                0x000000000800208c                I2C3_EV_IRQHandler
                0x000000000800208c                EXTI9_5_IRQHandler
                0x000000000800208c                RTC_WKUP_IRQHandler
                0x000000000800208c                ETH_WKUP_IRQHandler
                0x000000000800208c                SPI2_IRQHandler
                0x000000000800208c                OTG_HS_EP1_IN_IRQHandler
                0x000000000800208c                DMA1_Stream0_IRQHandler
                0x000000000800208c                CAN1_TX_IRQHandler
                0x000000000800208c                EXTI4_IRQHandler
                0x000000000800208c                FSMC_IRQHandler
                0x000000000800208c                ETH_IRQHandler
                0x000000000800208c                OTG_HS_EP1_OUT_IRQHandler
                0x000000000800208c                WWDG_IRQHandler
                0x000000000800208c                TIM2_IRQHandler
                0x000000000800208c                OTG_FS_WKUP_IRQHandler
                0x000000000800208c                TIM1_TRG_COM_TIM11_IRQHandler
                0x000000000800208c                OTG_HS_IRQHandler
                0x000000000800208c                EXTI1_IRQHandler
                0x000000000800208c                USART2_IRQHandler
                0x000000000800208c                I2C2_ER_IRQHandler
                0x000000000800208c                DMA2_Stream1_IRQHandler
                0x000000000800208c                CAN1_SCE_IRQHandler
                0x000000000800208c                FLASH_IRQHandler
                0x000000000800208c                DMA2_Stream4_IRQHandler
                0x000000000800208c                USART1_IRQHandler
                0x000000000800208c                SPI3_IRQHandler
                0x000000000800208c                DMA1_Stream4_IRQHandler
                0x000000000800208c                I2C1_ER_IRQHandler
                0x000000000800208c                DMA2_Stream6_IRQHandler
                0x000000000800208c                DMA1_Stream3_IRQHandler
 *fill*         0x000000000800208e        0x2 
 .text.HAL_Init
                0x0000000008002090       0x44 Drivers/STM32F4xx_HAL_Driver/Src/stm32f4xx_hal.o
                0x0000000008002090                HAL_Init
 .text.HAL_InitTick
                0x00000000080020d4       0x60 Drivers/STM32F4xx_HAL_Driver/Src/stm32f4xx_hal.o
                0x00000000080020d4                HAL_InitTick
 .text.HAL_IncTick
                0x0000000008002134       0x28 Drivers/STM32F4xx_HAL_Driver/Src/stm32f4xx_hal.o
                0x0000000008002134                HAL_IncTick
 .text.HAL_GetTick
                0x000000000800215c       0x18 Drivers/STM32F4xx_HAL_Driver/Src/stm32f4xx_hal.o
                0x000000000800215c                HAL_GetTick
 .text.HAL_Delay
                0x0000000008002174       0x44 Drivers/STM32F4xx_HAL_Driver/Src/stm32f4xx_hal.o
                0x0000000008002174                HAL_Delay
 .text.__NVIC_SetPriorityGrouping
                0x00000000080021b8       0x48 Drivers/STM32F4xx_HAL_Driver/Src/stm32f4xx_hal_cortex.o
 .text.__NVIC_GetPriorityGrouping
                0x0000000008002200       0x1c Drivers/STM32F4xx_HAL_Driver/Src/stm32f4xx_hal_cortex.o
 .text.__NVIC_EnableIRQ
                0x000000000800221c       0x3c Drivers/STM32F4xx_HAL_Driver/Src/stm32f4xx_hal_cortex.o
 .text.__NVIC_SetPriority
                0x0000000008002258       0x54 Drivers/STM32F4xx_HAL_Driver/Src/stm32f4xx_hal_cortex.o
 .text.NVIC_EncodePriority
                0x00000000080022ac       0x66 Drivers/STM32F4xx_HAL_Driver/Src/stm32f4xx_hal_cortex.o
 *fill*         0x0000000008002312        0x2 
 .text.SysTick_Config
                0x0000000008002314       0x44 Drivers/STM32F4xx_HAL_Driver/Src/stm32f4xx_hal_cortex.o
 .text.HAL_NVIC_SetPriorityGrouping
                0x0000000008002358       0x16 Drivers/STM32F4xx_HAL_Driver/Src/stm32f4xx_hal_cortex.o
                0x0000000008002358                HAL_NVIC_SetPriorityGrouping
 .text.HAL_NVIC_SetPriority
                0x000000000800236e       0x38 Drivers/STM32F4xx_HAL_Driver/Src/stm32f4xx_hal_cortex.o
                0x000000000800236e                HAL_NVIC_SetPriority
 .text.HAL_NVIC_EnableIRQ
                0x00000000080023a6       0x1c Drivers/STM32F4xx_HAL_Driver/Src/stm32f4xx_hal_cortex.o
                0x00000000080023a6                HAL_NVIC_EnableIRQ
 .text.HAL_SYSTICK_Config
                0x00000000080023c2       0x18 Drivers/STM32F4xx_HAL_Driver/Src/stm32f4xx_hal_cortex.o
                0x00000000080023c2                HAL_SYSTICK_Config
 *fill*         0x00000000080023da        0x2 
 .text.HAL_GPIO_Init
                0x00000000080023dc      0x334 Drivers/STM32F4xx_HAL_Driver/Src/stm32f4xx_hal_gpio.o
                0x00000000080023dc                HAL_GPIO_Init
 .text.HAL_GPIO_ReadPin
                0x0000000008002710       0x30 Drivers/STM32F4xx_HAL_Driver/Src/stm32f4xx_hal_gpio.o
                0x0000000008002710                HAL_GPIO_ReadPin
 .text.HAL_GPIO_WritePin
                0x0000000008002740       0x32 Drivers/STM32F4xx_HAL_Driver/Src/stm32f4xx_hal_gpio.o
                0x0000000008002740                HAL_GPIO_WritePin
 .text.HAL_PCD_Init
                0x0000000008002772      0x23a Drivers/STM32F4xx_HAL_Driver/Src/stm32f4xx_hal_pcd.o
                0x0000000008002772                HAL_PCD_Init
 .text.HAL_PCD_Start
                0x00000000080029ac       0x66 Drivers/STM32F4xx_HAL_Driver/Src/stm32f4xx_hal_pcd.o
                0x00000000080029ac                HAL_PCD_Start
 .text.HAL_PCD_IRQHandler
                0x0000000008002a12      0x764 Drivers/STM32F4xx_HAL_Driver/Src/stm32f4xx_hal_pcd.o
                0x0000000008002a12                HAL_PCD_IRQHandler
 .text.HAL_PCD_SetAddress
                0x0000000008003176       0x4a Drivers/STM32F4xx_HAL_Driver/Src/stm32f4xx_hal_pcd.o
                0x0000000008003176                HAL_PCD_SetAddress
 .text.HAL_PCD_EP_Open
                0x00000000080031c0       0xd0 Drivers/STM32F4xx_HAL_Driver/Src/stm32f4xx_hal_pcd.o
                0x00000000080031c0                HAL_PCD_EP_Open
 .text.HAL_PCD_EP_Close
                0x0000000008003290       0x94 Drivers/STM32F4xx_HAL_Driver/Src/stm32f4xx_hal_pcd.o
                0x0000000008003290                HAL_PCD_EP_Close
 .text.HAL_PCD_EP_Receive
                0x0000000008003324       0x96 Drivers/STM32F4xx_HAL_Driver/Src/stm32f4xx_hal_pcd.o
                0x0000000008003324                HAL_PCD_EP_Receive
 .text.HAL_PCD_EP_Transmit
                0x00000000080033ba       0x94 Drivers/STM32F4xx_HAL_Driver/Src/stm32f4xx_hal_pcd.o
                0x00000000080033ba                HAL_PCD_EP_Transmit
 .text.HAL_PCD_EP_SetStall
                0x000000000800344e       0xc8 Drivers/STM32F4xx_HAL_Driver/Src/stm32f4xx_hal_pcd.o
                0x000000000800344e                HAL_PCD_EP_SetStall
 .text.HAL_PCD_EP_ClrStall
                0x0000000008003516       0xac Drivers/STM32F4xx_HAL_Driver/Src/stm32f4xx_hal_pcd.o
                0x0000000008003516                HAL_PCD_EP_ClrStall
 .text.PCD_WriteEmptyTxFifo
                0x00000000080035c2      0x11a Drivers/STM32F4xx_HAL_Driver/Src/stm32f4xx_hal_pcd.o
 .text.PCD_EP_OutXfrComplete_int
                0x00000000080036dc      0x218 Drivers/STM32F4xx_HAL_Driver/Src/stm32f4xx_hal_pcd.o
 .text.PCD_EP_OutSetupPacket_int
                0x00000000080038f4       0x8c Drivers/STM32F4xx_HAL_Driver/Src/stm32f4xx_hal_pcd.o
 .text.HAL_PCDEx_SetTxFiFo
                0x0000000008003980       0x8e Drivers/STM32F4xx_HAL_Driver/Src/stm32f4xx_hal_pcd_ex.o
                0x0000000008003980                HAL_PCDEx_SetTxFiFo
 .text.HAL_PCDEx_SetRxFiFo
                0x0000000008003a0e       0x22 Drivers/STM32F4xx_HAL_Driver/Src/stm32f4xx_hal_pcd_ex.o
                0x0000000008003a0e                HAL_PCDEx_SetRxFiFo
 .text.HAL_PCDEx_LPM_Callback
                0x0000000008003a30       0x18 Drivers/STM32F4xx_HAL_Driver/Src/stm32f4xx_hal_pcd_ex.o
                0x0000000008003a30                HAL_PCDEx_LPM_Callback
 .text.HAL_RCC_OscConfig
                0x0000000008003a48      0x4e0 Drivers/STM32F4xx_HAL_Driver/Src/stm32f4xx_hal_rcc.o
                0x0000000008003a48                HAL_RCC_OscConfig
 .text.HAL_RCC_ClockConfig
                0x0000000008003f28      0x1cc Drivers/STM32F4xx_HAL_Driver/Src/stm32f4xx_hal_rcc.o
                0x0000000008003f28                HAL_RCC_ClockConfig
 .text.HAL_RCC_GetSysClockFreq
                0x00000000080040f4      0x1b0 Drivers/STM32F4xx_HAL_Driver/Src/stm32f4xx_hal_rcc.o
                0x00000000080040f4                HAL_RCC_GetSysClockFreq
 .text.HAL_RCC_GetHCLKFreq
                0x00000000080042a4       0x18 Drivers/STM32F4xx_HAL_Driver/Src/stm32f4xx_hal_rcc.o
                0x00000000080042a4                HAL_RCC_GetHCLKFreq
 .text.USB_CoreInit
                0x00000000080042bc       0xc2 Drivers/STM32F4xx_HAL_Driver/Src/stm32f4xx_ll_usb.o
                0x00000000080042bc                USB_CoreInit
 *fill*         0x000000000800437e        0x2 
 .text.USB_SetTurnaroundTime
                0x0000000008004380      0x144 Drivers/STM32F4xx_HAL_Driver/Src/stm32f4xx_ll_usb.o
                0x0000000008004380                USB_SetTurnaroundTime
 .text.USB_EnableGlobalInt
                0x00000000080044c4       0x22 Drivers/STM32F4xx_HAL_Driver/Src/stm32f4xx_ll_usb.o
                0x00000000080044c4                USB_EnableGlobalInt
 .text.USB_DisableGlobalInt
                0x00000000080044e6       0x22 Drivers/STM32F4xx_HAL_Driver/Src/stm32f4xx_ll_usb.o
                0x00000000080044e6                USB_DisableGlobalInt
 .text.USB_SetCurrentMode
                0x0000000008004508       0x54 Drivers/STM32F4xx_HAL_Driver/Src/stm32f4xx_ll_usb.o
                0x0000000008004508                USB_SetCurrentMode
 .text.USB_DevInit
                0x000000000800455c      0x2c8 Drivers/STM32F4xx_HAL_Driver/Src/stm32f4xx_ll_usb.o
                0x000000000800455c                USB_DevInit
 .text.USB_FlushTxFifo
                0x0000000008004824       0x4c Drivers/STM32F4xx_HAL_Driver/Src/stm32f4xx_ll_usb.o
                0x0000000008004824                USB_FlushTxFifo
 .text.USB_FlushRxFifo
                0x0000000008004870       0x44 Drivers/STM32F4xx_HAL_Driver/Src/stm32f4xx_ll_usb.o
                0x0000000008004870                USB_FlushRxFifo
 .text.USB_SetDevSpeed
                0x00000000080048b4       0x32 Drivers/STM32F4xx_HAL_Driver/Src/stm32f4xx_ll_usb.o
                0x00000000080048b4                USB_SetDevSpeed
 .text.USB_GetDevSpeed
                0x00000000080048e6       0x4a Drivers/STM32F4xx_HAL_Driver/Src/stm32f4xx_ll_usb.o
                0x00000000080048e6                USB_GetDevSpeed
 .text.USB_ActivateEndpoint
                0x0000000008004930      0x10e Drivers/STM32F4xx_HAL_Driver/Src/stm32f4xx_ll_usb.o
                0x0000000008004930                USB_ActivateEndpoint
 *fill*         0x0000000008004a3e        0x2 
 .text.USB_DeactivateEndpoint
                0x0000000008004a40      0x1b8 Drivers/STM32F4xx_HAL_Driver/Src/stm32f4xx_ll_usb.o
                0x0000000008004a40                USB_DeactivateEndpoint
 .text.USB_EPStartXfer
                0x0000000008004bf8      0x488 Drivers/STM32F4xx_HAL_Driver/Src/stm32f4xx_ll_usb.o
                0x0000000008004bf8                USB_EPStartXfer
 .text.USB_EP0StartXfer
                0x0000000008005080      0x2a6 Drivers/STM32F4xx_HAL_Driver/Src/stm32f4xx_ll_usb.o
                0x0000000008005080                USB_EP0StartXfer
 .text.USB_WritePacket
                0x0000000008005326       0x6a Drivers/STM32F4xx_HAL_Driver/Src/stm32f4xx_ll_usb.o
                0x0000000008005326                USB_WritePacket
 .text.USB_ReadPacket
                0x0000000008005390       0x52 Drivers/STM32F4xx_HAL_Driver/Src/stm32f4xx_ll_usb.o
                0x0000000008005390                USB_ReadPacket
 .text.USB_EPSetStall
                0x00000000080053e2       0xdc Drivers/STM32F4xx_HAL_Driver/Src/stm32f4xx_ll_usb.o
                0x00000000080053e2                USB_EPSetStall
 .text.USB_EPClearStall
                0x00000000080054be       0xcc Drivers/STM32F4xx_HAL_Driver/Src/stm32f4xx_ll_usb.o
                0x00000000080054be                USB_EPClearStall
 .text.USB_SetDevAddress
                0x000000000800558a       0x4c Drivers/STM32F4xx_HAL_Driver/Src/stm32f4xx_ll_usb.o
                0x000000000800558a                USB_SetDevAddress
 .text.USB_DevConnect
                0x00000000080055d6       0x30 Drivers/STM32F4xx_HAL_Driver/Src/stm32f4xx_ll_usb.o
                0x00000000080055d6                USB_DevConnect
 .text.USB_DevDisconnect
                0x0000000008005606       0x30 Drivers/STM32F4xx_HAL_Driver/Src/stm32f4xx_ll_usb.o
                0x0000000008005606                USB_DevDisconnect
 .text.USB_ReadInterrupts
                0x0000000008005636       0x26 Drivers/STM32F4xx_HAL_Driver/Src/stm32f4xx_ll_usb.o
                0x0000000008005636                USB_ReadInterrupts
 .text.USB_ReadDevAllOutEpInterrupt
                0x000000000800565c       0x34 Drivers/STM32F4xx_HAL_Driver/Src/stm32f4xx_ll_usb.o
                0x000000000800565c                USB_ReadDevAllOutEpInterrupt
 .text.USB_ReadDevAllInEpInterrupt
                0x0000000008005690       0x34 Drivers/STM32F4xx_HAL_Driver/Src/stm32f4xx_ll_usb.o
                0x0000000008005690                USB_ReadDevAllInEpInterrupt
 .text.USB_ReadDevOutEPInterrupt
                0x00000000080056c4       0x3c Drivers/STM32F4xx_HAL_Driver/Src/stm32f4xx_ll_usb.o
                0x00000000080056c4                USB_ReadDevOutEPInterrupt
 .text.USB_ReadDevInEPInterrupt
                0x0000000008005700       0x5c Drivers/STM32F4xx_HAL_Driver/Src/stm32f4xx_ll_usb.o
                0x0000000008005700                USB_ReadDevInEPInterrupt
 .text.USB_GetMode
                0x000000000800575c       0x1c Drivers/STM32F4xx_HAL_Driver/Src/stm32f4xx_ll_usb.o
                0x000000000800575c                USB_GetMode
 .text.USB_ActivateSetup
                0x0000000008005778       0x46 Drivers/STM32F4xx_HAL_Driver/Src/stm32f4xx_ll_usb.o
                0x0000000008005778                USB_ActivateSetup
 *fill*         0x00000000080057be        0x2 
 .text.USB_EP0_OutStart
                0x00000000080057c0       0xbc Drivers/STM32F4xx_HAL_Driver/Src/stm32f4xx_ll_usb.o
                0x00000000080057c0                USB_EP0_OutStart
 .text.USB_CoreReset
                0x000000000800587c       0x68 Drivers/STM32F4xx_HAL_Driver/Src/stm32f4xx_ll_usb.o
 .text.USBD_CUSTOM_HID_Init
                0x00000000080058e4       0xa2 Middlewares/ST/STM32_USB_Device_Library/Class/CustomHID/Src/usbd_customhid.o
 .text.USBD_CUSTOM_HID_DeInit
                0x0000000008005986       0x6a Middlewares/ST/STM32_USB_Device_Library/Class/CustomHID/Src/usbd_customhid.o
 .text.USBD_CUSTOM_HID_Setup
                0x00000000080059f0      0x204 Middlewares/ST/STM32_USB_Device_Library/Class/CustomHID/Src/usbd_customhid.o
 .text.USBD_CUSTOM_HID_SendReport
                0x0000000008005bf4       0x58 Middlewares/ST/STM32_USB_Device_Library/Class/CustomHID/Src/usbd_customhid.o
                0x0000000008005bf4                USBD_CUSTOM_HID_SendReport
 .text.USBD_CUSTOM_HID_GetFSCfgDesc
                0x0000000008005c4c       0x20 Middlewares/ST/STM32_USB_Device_Library/Class/CustomHID/Src/usbd_customhid.o
 .text.USBD_CUSTOM_HID_GetHSCfgDesc
                0x0000000008005c6c       0x20 Middlewares/ST/STM32_USB_Device_Library/Class/CustomHID/Src/usbd_customhid.o
 .text.USBD_CUSTOM_HID_GetOtherSpeedCfgDesc
                0x0000000008005c8c       0x20 Middlewares/ST/STM32_USB_Device_Library/Class/CustomHID/Src/usbd_customhid.o
 .text.USBD_CUSTOM_HID_DataIn
                0x0000000008005cac       0x24 Middlewares/ST/STM32_USB_Device_Library/Class/CustomHID/Src/usbd_customhid.o
 .text.USBD_CUSTOM_HID_DataOut
                0x0000000008005cd0       0x40 Middlewares/ST/STM32_USB_Device_Library/Class/CustomHID/Src/usbd_customhid.o
 .text.USBD_CUSTOM_HID_ReceivePacket
                0x0000000008005d10       0x34 Middlewares/ST/STM32_USB_Device_Library/Class/CustomHID/Src/usbd_customhid.o
                0x0000000008005d10                USBD_CUSTOM_HID_ReceivePacket
 .text.USBD_CUSTOM_HID_EP0_RxReady
                0x0000000008005d44       0x3c Middlewares/ST/STM32_USB_Device_Library/Class/CustomHID/Src/usbd_customhid.o
 .text.USBD_CUSTOM_HID_GetDeviceQualifierDesc
                0x0000000008005d80       0x20 Middlewares/ST/STM32_USB_Device_Library/Class/CustomHID/Src/usbd_customhid.o
 .text.USBD_CUSTOM_HID_RegisterInterface
                0x0000000008005da0       0x2a Middlewares/ST/STM32_USB_Device_Library/Class/CustomHID/Src/usbd_customhid.o
                0x0000000008005da0                USBD_CUSTOM_HID_RegisterInterface
 .text.USBD_Init
                0x0000000008005dca       0x6c Middlewares/ST/STM32_USB_Device_Library/Core/Src/usbd_core.o
                0x0000000008005dca                USBD_Init
 .text.USBD_RegisterClass
                0x0000000008005e36       0x42 Middlewares/ST/STM32_USB_Device_Library/Core/Src/usbd_core.o
                0x0000000008005e36                USBD_RegisterClass
 .text.USBD_Start
                0x0000000008005e78       0x18 Middlewares/ST/STM32_USB_Device_Library/Core/Src/usbd_core.o
                0x0000000008005e78                USBD_Start
 .text.USBD_RunTestMode
                0x0000000008005e90       0x16 Middlewares/ST/STM32_USB_Device_Library/Core/Src/usbd_core.o
                0x0000000008005e90                USBD_RunTestMode
 .text.USBD_SetClassConfig
                0x0000000008005ea6       0x38 Middlewares/ST/STM32_USB_Device_Library/Core/Src/usbd_core.o
                0x0000000008005ea6                USBD_SetClassConfig
 .text.USBD_ClrClassConfig
                0x0000000008005ede       0x30 Middlewares/ST/STM32_USB_Device_Library/Core/Src/usbd_core.o
                0x0000000008005ede                USBD_ClrClassConfig
 .text.USBD_LL_SetupStage
                0x0000000008005f0e       0xa6 Middlewares/ST/STM32_USB_Device_Library/Core/Src/usbd_core.o
                0x0000000008005f0e                USBD_LL_SetupStage
 .text.USBD_LL_DataOutStage
                0x0000000008005fb4       0xc6 Middlewares/ST/STM32_USB_Device_Library/Core/Src/usbd_core.o
                0x0000000008005fb4                USBD_LL_DataOutStage
 .text.USBD_LL_DataInStage
                0x000000000800607a      0x12c Middlewares/ST/STM32_USB_Device_Library/Core/Src/usbd_core.o
                0x000000000800607a                USBD_LL_DataInStage
 .text.USBD_LL_Reset
                0x00000000080061a6       0x82 Middlewares/ST/STM32_USB_Device_Library/Core/Src/usbd_core.o
                0x00000000080061a6                USBD_LL_Reset
 .text.USBD_LL_SetSpeed
                0x0000000008006228       0x20 Middlewares/ST/STM32_USB_Device_Library/Core/Src/usbd_core.o
                0x0000000008006228                USBD_LL_SetSpeed
 .text.USBD_LL_Suspend
                0x0000000008006248       0x2a Middlewares/ST/STM32_USB_Device_Library/Core/Src/usbd_core.o
                0x0000000008006248                USBD_LL_Suspend
 .text.USBD_LL_Resume
                0x0000000008006272       0x2c Middlewares/ST/STM32_USB_Device_Library/Core/Src/usbd_core.o
                0x0000000008006272                USBD_LL_Resume
 .text.USBD_LL_SOF
                0x000000000800629e       0x34 Middlewares/ST/STM32_USB_Device_Library/Core/Src/usbd_core.o
                0x000000000800629e                USBD_LL_SOF
 .text.USBD_LL_IsoINIncomplete
                0x00000000080062d2       0x1a Middlewares/ST/STM32_USB_Device_Library/Core/Src/usbd_core.o
                0x00000000080062d2                USBD_LL_IsoINIncomplete
 .text.USBD_LL_IsoOUTIncomplete
                0x00000000080062ec       0x1a Middlewares/ST/STM32_USB_Device_Library/Core/Src/usbd_core.o
                0x00000000080062ec                USBD_LL_IsoOUTIncomplete
 .text.USBD_LL_DevConnected
                0x0000000008006306       0x16 Middlewares/ST/STM32_USB_Device_Library/Core/Src/usbd_core.o
                0x0000000008006306                USBD_LL_DevConnected
 .text.USBD_LL_DevDisconnected
                0x000000000800631c       0x38 Middlewares/ST/STM32_USB_Device_Library/Core/Src/usbd_core.o
                0x000000000800631c                USBD_LL_DevDisconnected
 .text.SWAPBYTE
                0x0000000008006354       0x3c Middlewares/ST/STM32_USB_Device_Library/Core/Src/usbd_ctlreq.o
 .text.USBD_StdDevReq
                0x0000000008006390       0xdc Middlewares/ST/STM32_USB_Device_Library/Core/Src/usbd_ctlreq.o
                0x0000000008006390                USBD_StdDevReq
 .text.USBD_StdItfReq
                0x000000000800646c       0x8c Middlewares/ST/STM32_USB_Device_Library/Core/Src/usbd_ctlreq.o
                0x000000000800646c                USBD_StdItfReq
 .text.USBD_StdEPReq
                0x00000000080064f8      0x2aa Middlewares/ST/STM32_USB_Device_Library/Core/Src/usbd_ctlreq.o
                0x00000000080064f8                USBD_StdEPReq
 *fill*         0x00000000080067a2        0x2 
 .text.USBD_GetDescriptor
                0x00000000080067a4      0x2d4 Middlewares/ST/STM32_USB_Device_Library/Core/Src/usbd_ctlreq.o
 .text.USBD_SetAddress
                0x0000000008006a78       0x84 Middlewares/ST/STM32_USB_Device_Library/Core/Src/usbd_ctlreq.o
 .text.USBD_SetConfig
                0x0000000008006afc      0x148 Middlewares/ST/STM32_USB_Device_Library/Core/Src/usbd_ctlreq.o
 .text.USBD_GetConfig
                0x0000000008006c44       0x68 Middlewares/ST/STM32_USB_Device_Library/Core/Src/usbd_ctlreq.o
 .text.USBD_GetStatus
                0x0000000008006cac       0x66 Middlewares/ST/STM32_USB_Device_Library/Core/Src/usbd_ctlreq.o
 .text.USBD_SetFeature
                0x0000000008006d12       0x28 Middlewares/ST/STM32_USB_Device_Library/Core/Src/usbd_ctlreq.o
 .text.USBD_ClrFeature
                0x0000000008006d3a       0x42 Middlewares/ST/STM32_USB_Device_Library/Core/Src/usbd_ctlreq.o
 .text.USBD_ParseSetupRequest
                0x0000000008006d7c       0x74 Middlewares/ST/STM32_USB_Device_Library/Core/Src/usbd_ctlreq.o
                0x0000000008006d7c                USBD_ParseSetupRequest
 .text.USBD_CtlError
                0x0000000008006df0       0x22 Middlewares/ST/STM32_USB_Device_Library/Core/Src/usbd_ctlreq.o
                0x0000000008006df0                USBD_CtlError
 .text.USBD_GetString
                0x0000000008006e12       0x8c Middlewares/ST/STM32_USB_Device_Library/Core/Src/usbd_ctlreq.o
                0x0000000008006e12                USBD_GetString
 .text.USBD_GetLen
                0x0000000008006e9e       0x34 Middlewares/ST/STM32_USB_Device_Library/Core/Src/usbd_ctlreq.o
 .text.USBD_CtlSendData
                0x0000000008006ed2       0x36 Middlewares/ST/STM32_USB_Device_Library/Core/Src/usbd_ioreq.o
                0x0000000008006ed2                USBD_CtlSendData
 .text.USBD_CtlContinueSendData
                0x0000000008006f08       0x22 Middlewares/ST/STM32_USB_Device_Library/Core/Src/usbd_ioreq.o
                0x0000000008006f08                USBD_CtlContinueSendData
 .text.USBD_CtlPrepareRx
                0x0000000008006f2a       0x3a Middlewares/ST/STM32_USB_Device_Library/Core/Src/usbd_ioreq.o
                0x0000000008006f2a                USBD_CtlPrepareRx
 .text.USBD_CtlContinueRx
                0x0000000008006f64       0x22 Middlewares/ST/STM32_USB_Device_Library/Core/Src/usbd_ioreq.o
                0x0000000008006f64                USBD_CtlContinueRx
 .text.USBD_CtlSendStatus
                0x0000000008006f86       0x26 Middlewares/ST/STM32_USB_Device_Library/Core/Src/usbd_ioreq.o
                0x0000000008006f86                USBD_CtlSendStatus
 .text.USBD_CtlReceiveStatus
                0x0000000008006fac       0x26 Middlewares/ST/STM32_USB_Device_Library/Core/Src/usbd_ioreq.o
                0x0000000008006fac                USBD_CtlReceiveStatus
 *fill*         0x0000000008006fd2        0x2 
 .text.MX_USB_DEVICE_Init
                0x0000000008006fd4       0x60 USB_DEVICE/App/usb_device.o
                0x0000000008006fd4                MX_USB_DEVICE_Init
 .text.CUSTOM_HID_Init_FS
                0x0000000008007034       0x10 USB_DEVICE/App/usbd_custom_hid_if.o
 .text.CUSTOM_HID_DeInit_FS
                0x0000000008007044       0x10 USB_DEVICE/App/usbd_custom_hid_if.o
 .text.CUSTOM_HID_OutEvent_FS
                0x0000000008007054       0x24 USB_DEVICE/App/usbd_custom_hid_if.o
 .text.USBD_FS_DeviceDescriptor
                0x0000000008007078       0x24 USB_DEVICE/App/usbd_desc.o
                0x0000000008007078                USBD_FS_DeviceDescriptor
 .text.USBD_FS_LangIDStrDescriptor
                0x000000000800709c       0x24 USB_DEVICE/App/usbd_desc.o
                0x000000000800709c                USBD_FS_LangIDStrDescriptor
 .text.USBD_FS_ProductStrDescriptor
                0x00000000080070c0       0x3c USB_DEVICE/App/usbd_desc.o
                0x00000000080070c0                USBD_FS_ProductStrDescriptor
 .text.USBD_FS_ManufacturerStrDescriptor
                0x00000000080070fc       0x28 USB_DEVICE/App/usbd_desc.o
                0x00000000080070fc                USBD_FS_ManufacturerStrDescriptor
 .text.USBD_FS_SerialStrDescriptor
                0x0000000008007124       0x24 USB_DEVICE/App/usbd_desc.o
                0x0000000008007124                USBD_FS_SerialStrDescriptor
 .text.USBD_FS_ConfigStrDescriptor
                0x0000000008007148       0x3c USB_DEVICE/App/usbd_desc.o
                0x0000000008007148                USBD_FS_ConfigStrDescriptor
 .text.USBD_FS_InterfaceStrDescriptor
                0x0000000008007184       0x3c USB_DEVICE/App/usbd_desc.o
                0x0000000008007184                USBD_FS_InterfaceStrDescriptor
 .text.Get_SerialNum
                0x00000000080071c0       0x58 USB_DEVICE/App/usbd_desc.o
 .text.IntToUnicode
                0x0000000008007218       0x7c USB_DEVICE/App/usbd_desc.o
 .text.HAL_PCD_MspInit
                0x0000000008007294       0xa8 USB_DEVICE/Target/usbd_conf.o
                0x0000000008007294                HAL_PCD_MspInit
 .text.HAL_PCD_SetupStageCallback
                0x000000000800733c       0x24 USB_DEVICE/Target/usbd_conf.o
                0x000000000800733c                HAL_PCD_SetupStageCallback
 .text.HAL_PCD_DataOutStageCallback
                0x0000000008007360       0x36 USB_DEVICE/Target/usbd_conf.o
                0x0000000008007360                HAL_PCD_DataOutStageCallback
 .text.HAL_PCD_DataInStageCallback
                0x0000000008007396       0x34 USB_DEVICE/Target/usbd_conf.o
                0x0000000008007396                HAL_PCD_DataInStageCallback
 .text.HAL_PCD_SOFCallback
                0x00000000080073ca       0x1c USB_DEVICE/Target/usbd_conf.o
                0x00000000080073ca                HAL_PCD_SOFCallback
 .text.HAL_PCD_ResetCallback
                0x00000000080073e6       0x50 USB_DEVICE/Target/usbd_conf.o
                0x00000000080073e6                HAL_PCD_ResetCallback
 *fill*         0x0000000008007436        0x2 
 .text.HAL_PCD_SuspendCallback
                0x0000000008007438       0x4c USB_DEVICE/Target/usbd_conf.o
                0x0000000008007438                HAL_PCD_SuspendCallback
 .text.HAL_PCD_ResumeCallback
                0x0000000008007484       0x1c USB_DEVICE/Target/usbd_conf.o
                0x0000000008007484                HAL_PCD_ResumeCallback
 .text.HAL_PCD_ISOOUTIncompleteCallback
                0x00000000080074a0       0x24 USB_DEVICE/Target/usbd_conf.o
                0x00000000080074a0                HAL_PCD_ISOOUTIncompleteCallback
 .text.HAL_PCD_ISOINIncompleteCallback
                0x00000000080074c4       0x24 USB_DEVICE/Target/usbd_conf.o
                0x00000000080074c4                HAL_PCD_ISOINIncompleteCallback
 .text.HAL_PCD_ConnectCallback
                0x00000000080074e8       0x1c USB_DEVICE/Target/usbd_conf.o
                0x00000000080074e8                HAL_PCD_ConnectCallback
 .text.HAL_PCD_DisconnectCallback
                0x0000000008007504       0x1c USB_DEVICE/Target/usbd_conf.o
                0x0000000008007504                HAL_PCD_DisconnectCallback
 .text.USBD_LL_Init
                0x0000000008007520       0x98 USB_DEVICE/Target/usbd_conf.o
                0x0000000008007520                USBD_LL_Init
 .text.USBD_LL_Start
                0x00000000080075b8       0x36 USB_DEVICE/Target/usbd_conf.o
                0x00000000080075b8                USBD_LL_Start
 .text.USBD_LL_OpenEP
                0x00000000080075ee       0x4c USB_DEVICE/Target/usbd_conf.o
                0x00000000080075ee                USBD_LL_OpenEP
 .text.USBD_LL_CloseEP
                0x000000000800763a       0x3e USB_DEVICE/Target/usbd_conf.o
                0x000000000800763a                USBD_LL_CloseEP
 .text.USBD_LL_StallEP
                0x0000000008007678       0x3e USB_DEVICE/Target/usbd_conf.o
                0x0000000008007678                USBD_LL_StallEP
 .text.USBD_LL_ClearStallEP
                0x00000000080076b6       0x3e USB_DEVICE/Target/usbd_conf.o
                0x00000000080076b6                USBD_LL_ClearStallEP
 .text.USBD_LL_IsStallEP
                0x00000000080076f4       0x58 USB_DEVICE/Target/usbd_conf.o
                0x00000000080076f4                USBD_LL_IsStallEP
 .text.USBD_LL_SetUSBAddress
                0x000000000800774c       0x3e USB_DEVICE/Target/usbd_conf.o
                0x000000000800774c                USBD_LL_SetUSBAddress
 .text.USBD_LL_Transmit
                0x000000000800778a       0x42 USB_DEVICE/Target/usbd_conf.o
                0x000000000800778a                USBD_LL_Transmit
 .text.USBD_LL_PrepareReceive
                0x00000000080077cc       0x42 USB_DEVICE/Target/usbd_conf.o
                0x00000000080077cc                USBD_LL_PrepareReceive
 *fill*         0x000000000800780e        0x2 
 .text.USBD_Get_USB_Status
                0x0000000008007810       0x58 USB_DEVICE/Target/usbd_conf.o
                0x0000000008007810                USBD_Get_USB_Status
 .text.__errno  0x0000000008007868        0xc d:/st/stm32cubeide_1.3.0/stm32cubeide/plugins/com.st.stm32cube.ide.mcu.externaltools.gnu-tools-for-stm32.7-2018-q2-update.win32_1.0.0.201904181610/tools/bin/../lib/gcc/arm-none-eabi/7.3.1/../../../../arm-none-eabi/lib/thumb/v7e-m/fpv4-sp/hard\libc_nano.a(lib_a-errno.o)
                0x0000000008007868                __errno
 .text.__libc_init_array
                0x0000000008007874       0x48 d:/st/stm32cubeide_1.3.0/stm32cubeide/plugins/com.st.stm32cube.ide.mcu.externaltools.gnu-tools-for-stm32.7-2018-q2-update.win32_1.0.0.201904181610/tools/bin/../lib/gcc/arm-none-eabi/7.3.1/../../../../arm-none-eabi/lib/thumb/v7e-m/fpv4-sp/hard\libc_nano.a(lib_a-init.o)
                0x0000000008007874                __libc_init_array
 .text.malloc   0x00000000080078bc       0x10 d:/st/stm32cubeide_1.3.0/stm32cubeide/plugins/com.st.stm32cube.ide.mcu.externaltools.gnu-tools-for-stm32.7-2018-q2-update.win32_1.0.0.201904181610/tools/bin/../lib/gcc/arm-none-eabi/7.3.1/../../../../arm-none-eabi/lib/thumb/v7e-m/fpv4-sp/hard\libc_nano.a(lib_a-malloc.o)
                0x00000000080078bc                malloc
 .text.free     0x00000000080078cc       0x10 d:/st/stm32cubeide_1.3.0/stm32cubeide/plugins/com.st.stm32cube.ide.mcu.externaltools.gnu-tools-for-stm32.7-2018-q2-update.win32_1.0.0.201904181610/tools/bin/../lib/gcc/arm-none-eabi/7.3.1/../../../../arm-none-eabi/lib/thumb/v7e-m/fpv4-sp/hard\libc_nano.a(lib_a-malloc.o)
                0x00000000080078cc                free
 .text.memset   0x00000000080078dc       0x10 d:/st/stm32cubeide_1.3.0/stm32cubeide/plugins/com.st.stm32cube.ide.mcu.externaltools.gnu-tools-for-stm32.7-2018-q2-update.win32_1.0.0.201904181610/tools/bin/../lib/gcc/arm-none-eabi/7.3.1/../../../../arm-none-eabi/lib/thumb/v7e-m/fpv4-sp/hard\libc_nano.a(lib_a-memset.o)
                0x00000000080078dc                memset
 .text._free_r  0x00000000080078ec       0x9c d:/st/stm32cubeide_1.3.0/stm32cubeide/plugins/com.st.stm32cube.ide.mcu.externaltools.gnu-tools-for-stm32.7-2018-q2-update.win32_1.0.0.201904181610/tools/bin/../lib/gcc/arm-none-eabi/7.3.1/../../../../arm-none-eabi/lib/thumb/v7e-m/fpv4-sp/hard\libc_nano.a(lib_a-nano-freer.o)
                0x00000000080078ec                _free_r
 .text._malloc_r
                0x0000000008007988       0xb4 d:/st/stm32cubeide_1.3.0/stm32cubeide/plugins/com.st.stm32cube.ide.mcu.externaltools.gnu-tools-for-stm32.7-2018-q2-update.win32_1.0.0.201904181610/tools/bin/../lib/gcc/arm-none-eabi/7.3.1/../../../../arm-none-eabi/lib/thumb/v7e-m/fpv4-sp/hard\libc_nano.a(lib_a-nano-mallocr.o)
                0x0000000008007988                _malloc_r
 .text._sbrk_r  0x0000000008007a3c       0x20 d:/st/stm32cubeide_1.3.0/stm32cubeide/plugins/com.st.stm32cube.ide.mcu.externaltools.gnu-tools-for-stm32.7-2018-q2-update.win32_1.0.0.201904181610/tools/bin/../lib/gcc/arm-none-eabi/7.3.1/../../../../arm-none-eabi/lib/thumb/v7e-m/fpv4-sp/hard\libc_nano.a(lib_a-sbrkr.o)
                0x0000000008007a3c                _sbrk_r
 .text.__malloc_lock
                0x0000000008007a5c        0x2 d:/st/stm32cubeide_1.3.0/stm32cubeide/plugins/com.st.stm32cube.ide.mcu.externaltools.gnu-tools-for-stm32.7-2018-q2-update.win32_1.0.0.201904181610/tools/bin/../lib/gcc/arm-none-eabi/7.3.1/../../../../arm-none-eabi/lib/thumb/v7e-m/fpv4-sp/hard\libc_nano.a(lib_a-mlock.o)
                0x0000000008007a5c                __malloc_lock
 .text.__malloc_unlock
                0x0000000008007a5e        0x2 d:/st/stm32cubeide_1.3.0/stm32cubeide/plugins/com.st.stm32cube.ide.mcu.externaltools.gnu-tools-for-stm32.7-2018-q2-update.win32_1.0.0.201904181610/tools/bin/../lib/gcc/arm-none-eabi/7.3.1/../../../../arm-none-eabi/lib/thumb/v7e-m/fpv4-sp/hard\libc_nano.a(lib_a-mlock.o)
                0x0000000008007a5e                __malloc_unlock
 *(.glue_7)
 .glue_7        0x0000000008007a60        0x0 linker stubs
 *(.glue_7t)
 .glue_7t       0x0000000008007a60        0x0 linker stubs
 *(.eh_frame)
 .eh_frame      0x0000000008007a60        0x0 d:/st/stm32cubeide_1.3.0/stm32cubeide/plugins/com.st.stm32cube.ide.mcu.externaltools.gnu-tools-for-stm32.7-2018-q2-update.win32_1.0.0.201904181610/tools/bin/../lib/gcc/arm-none-eabi/7.3.1/thumb/v7e-m/fpv4-sp/hard/crtbegin.o
 *(.init)
 .init          0x0000000008007a60        0x4 d:/st/stm32cubeide_1.3.0/stm32cubeide/plugins/com.st.stm32cube.ide.mcu.externaltools.gnu-tools-for-stm32.7-2018-q2-update.win32_1.0.0.201904181610/tools/bin/../lib/gcc/arm-none-eabi/7.3.1/thumb/v7e-m/fpv4-sp/hard/crti.o
                0x0000000008007a60                _init
 .init          0x0000000008007a64        0x8 d:/st/stm32cubeide_1.3.0/stm32cubeide/plugins/com.st.stm32cube.ide.mcu.externaltools.gnu-tools-for-stm32.7-2018-q2-update.win32_1.0.0.201904181610/tools/bin/../lib/gcc/arm-none-eabi/7.3.1/thumb/v7e-m/fpv4-sp/hard/crtn.o
 *(.fini)
 .fini          0x0000000008007a6c        0x4 d:/st/stm32cubeide_1.3.0/stm32cubeide/plugins/com.st.stm32cube.ide.mcu.externaltools.gnu-tools-for-stm32.7-2018-q2-update.win32_1.0.0.201904181610/tools/bin/../lib/gcc/arm-none-eabi/7.3.1/thumb/v7e-m/fpv4-sp/hard/crti.o
                0x0000000008007a6c                _fini
 .fini          0x0000000008007a70        0x8 d:/st/stm32cubeide_1.3.0/stm32cubeide/plugins/com.st.stm32cube.ide.mcu.externaltools.gnu-tools-for-stm32.7-2018-q2-update.win32_1.0.0.201904181610/tools/bin/../lib/gcc/arm-none-eabi/7.3.1/thumb/v7e-m/fpv4-sp/hard/crtn.o
                0x0000000008007a78                . = ALIGN (0x4)
                0x0000000008007a78                _etext = .

.vfp11_veneer   0x0000000008007a78        0x0
 .vfp11_veneer  0x0000000008007a78        0x0 linker stubs

.v4_bx          0x0000000008007a78        0x0
 .v4_bx         0x0000000008007a78        0x0 linker stubs

.iplt           0x0000000008007a78        0x0
 .iplt          0x0000000008007a78        0x0 d:/st/stm32cubeide_1.3.0/stm32cubeide/plugins/com.st.stm32cube.ide.mcu.externaltools.gnu-tools-for-stm32.7-2018-q2-update.win32_1.0.0.201904181610/tools/bin/../lib/gcc/arm-none-eabi/7.3.1/thumb/v7e-m/fpv4-sp/hard/crtbegin.o

.rodata         0x0000000008007a78       0xd0
                0x0000000008007a78                . = ALIGN (0x4)
 *(.rodata)
 .rodata        0x0000000008007a78       0x5d USB_DEVICE/App/usbd_desc.o
 *(.rodata*)
 *fill*         0x0000000008007ad5        0x3 
 .rodata.AHBPrescTable
                0x0000000008007ad8       0x10 Core/Src/system_stm32f4xx.o
                0x0000000008007ad8                AHBPrescTable
 .rodata.__sf_fake_stderr
                0x0000000008007ae8       0x20 d:/st/stm32cubeide_1.3.0/stm32cubeide/plugins/com.st.stm32cube.ide.mcu.externaltools.gnu-tools-for-stm32.7-2018-q2-update.win32_1.0.0.201904181610/tools/bin/../lib/gcc/arm-none-eabi/7.3.1/../../../../arm-none-eabi/lib/thumb/v7e-m/fpv4-sp/hard\libc_nano.a(lib_a-findfp.o)
                0x0000000008007ae8                __sf_fake_stderr
 .rodata.__sf_fake_stdin
                0x0000000008007b08       0x20 d:/st/stm32cubeide_1.3.0/stm32cubeide/plugins/com.st.stm32cube.ide.mcu.externaltools.gnu-tools-for-stm32.7-2018-q2-update.win32_1.0.0.201904181610/tools/bin/../lib/gcc/arm-none-eabi/7.3.1/../../../../arm-none-eabi/lib/thumb/v7e-m/fpv4-sp/hard\libc_nano.a(lib_a-findfp.o)
                0x0000000008007b08                __sf_fake_stdin
 .rodata.__sf_fake_stdout
                0x0000000008007b28       0x20 d:/st/stm32cubeide_1.3.0/stm32cubeide/plugins/com.st.stm32cube.ide.mcu.externaltools.gnu-tools-for-stm32.7-2018-q2-update.win32_1.0.0.201904181610/tools/bin/../lib/gcc/arm-none-eabi/7.3.1/../../../../arm-none-eabi/lib/thumb/v7e-m/fpv4-sp/hard\libc_nano.a(lib_a-findfp.o)
                0x0000000008007b28                __sf_fake_stdout
                0x0000000008007b48                . = ALIGN (0x4)

.ARM.extab      0x0000000008007b48        0x0
                0x0000000008007b48                . = ALIGN (0x4)
 *(.ARM.extab* .gnu.linkonce.armextab.*)
                0x0000000008007b48                . = ALIGN (0x4)

.ARM            0x0000000008007b48        0x8
                0x0000000008007b48                . = ALIGN (0x4)
                0x0000000008007b48                __exidx_start = .
 *(.ARM.exidx*)
 .ARM.exidx     0x0000000008007b48        0x8 d:/st/stm32cubeide_1.3.0/stm32cubeide/plugins/com.st.stm32cube.ide.mcu.externaltools.gnu-tools-for-stm32.7-2018-q2-update.win32_1.0.0.201904181610/tools/bin/../lib/gcc/arm-none-eabi/7.3.1/thumb/v7e-m/fpv4-sp/hard\libgcc.a(_udivmoddi4.o)
                0x0000000008007b50                __exidx_end = .
                0x0000000008007b50                . = ALIGN (0x4)

.rel.dyn        0x0000000008007b50        0x0
 .rel.iplt      0x0000000008007b50        0x0 d:/st/stm32cubeide_1.3.0/stm32cubeide/plugins/com.st.stm32cube.ide.mcu.externaltools.gnu-tools-for-stm32.7-2018-q2-update.win32_1.0.0.201904181610/tools/bin/../lib/gcc/arm-none-eabi/7.3.1/thumb/v7e-m/fpv4-sp/hard/crtbegin.o

.preinit_array  0x0000000008007b50        0x0
                0x0000000008007b50                . = ALIGN (0x4)
                0x0000000008007b50                PROVIDE (__preinit_array_start = .)
 *(.preinit_array*)
                0x0000000008007b50                PROVIDE (__preinit_array_end = .)
                0x0000000008007b50                . = ALIGN (0x4)

.init_array     0x0000000008007b50        0x4
                0x0000000008007b50                . = ALIGN (0x4)
                0x0000000008007b50                PROVIDE (__init_array_start = .)
 *(SORT_BY_NAME(.init_array.*))
 *(.init_array*)
 .init_array    0x0000000008007b50        0x4 d:/st/stm32cubeide_1.3.0/stm32cubeide/plugins/com.st.stm32cube.ide.mcu.externaltools.gnu-tools-for-stm32.7-2018-q2-update.win32_1.0.0.201904181610/tools/bin/../lib/gcc/arm-none-eabi/7.3.1/thumb/v7e-m/fpv4-sp/hard/crtbegin.o
                0x0000000008007b54                PROVIDE (__init_array_end = .)
                0x0000000008007b54                . = ALIGN (0x4)

.fini_array     0x0000000008007b54        0x4
                0x0000000008007b54                . = ALIGN (0x4)
                [!provide]                        PROVIDE (__fini_array_start = .)
 *(SORT_BY_NAME(.fini_array.*))
 *(.fini_array*)
 .fini_array    0x0000000008007b54        0x4 d:/st/stm32cubeide_1.3.0/stm32cubeide/plugins/com.st.stm32cube.ide.mcu.externaltools.gnu-tools-for-stm32.7-2018-q2-update.win32_1.0.0.201904181610/tools/bin/../lib/gcc/arm-none-eabi/7.3.1/thumb/v7e-m/fpv4-sp/hard/crtbegin.o
                [!provide]                        PROVIDE (__fini_array_end = .)
                0x0000000008007b58                . = ALIGN (0x4)
                0x0000000008007b58                _sidata = LOADADDR (.data)

.data           0x0000000020000000      0x1d4 load address 0x0000000008007b58
                0x0000000020000000                . = ALIGN (0x4)
                0x0000000020000000                _sdata = .
 *(.data)
 *(.data*)
 .data.SystemCoreClock
                0x0000000020000000        0x4 Core/Src/system_stm32f4xx.o
                0x0000000020000000                SystemCoreClock
 .data.uwTickPrio
                0x0000000020000004        0x4 Drivers/STM32F4xx_HAL_Driver/Src/stm32f4xx_hal.o
                0x0000000020000004                uwTickPrio
 .data.uwTickFreq
                0x0000000020000008        0x1 Drivers/STM32F4xx_HAL_Driver/Src/stm32f4xx_hal.o
                0x0000000020000008                uwTickFreq
 *fill*         0x0000000020000009        0x3 
 .data.USBD_CUSTOM_HID
                0x000000002000000c       0x38 Middlewares/ST/STM32_USB_Device_Library/Class/CustomHID/Src/usbd_customhid.o
                0x000000002000000c                USBD_CUSTOM_HID
 .data.USBD_CUSTOM_HID_CfgFSDesc
                0x0000000020000044       0x29 Middlewares/ST/STM32_USB_Device_Library/Class/CustomHID/Src/usbd_customhid.o
 *fill*         0x000000002000006d        0x3 
 .data.USBD_CUSTOM_HID_CfgHSDesc
                0x0000000020000070       0x29 Middlewares/ST/STM32_USB_Device_Library/Class/CustomHID/Src/usbd_customhid.o
 *fill*         0x0000000020000099        0x3 
 .data.USBD_CUSTOM_HID_OtherSpeedCfgDesc
                0x000000002000009c       0x29 Middlewares/ST/STM32_USB_Device_Library/Class/CustomHID/Src/usbd_customhid.o
 *fill*         0x00000000200000c5        0x3 
 .data.USBD_CUSTOM_HID_Desc
                0x00000000200000c8        0x9 Middlewares/ST/STM32_USB_Device_Library/Class/CustomHID/Src/usbd_customhid.o
 *fill*         0x00000000200000d1        0x3 
 .data.USBD_CUSTOM_HID_DeviceQualifierDesc
                0x00000000200000d4        0xa Middlewares/ST/STM32_USB_Device_Library/Class/CustomHID/Src/usbd_customhid.o
 *fill*         0x00000000200000de        0x2 
 .data.CUSTOM_HID_ReportDesc_FS
                0x00000000200000e0       0x2e USB_DEVICE/App/usbd_custom_hid_if.o
 *fill*         0x000000002000010e        0x2 
 .data.USBD_CustomHID_fops_FS
                0x0000000020000110       0x10 USB_DEVICE/App/usbd_custom_hid_if.o
                0x0000000020000110                USBD_CustomHID_fops_FS
 .data.FS_Desc  0x0000000020000120       0x1c USB_DEVICE/App/usbd_desc.o
                0x0000000020000120                FS_Desc
 .data.USBD_FS_DeviceDesc
                0x000000002000013c       0x12 USB_DEVICE/App/usbd_desc.o
                0x000000002000013c                USBD_FS_DeviceDesc
 *fill*         0x000000002000014e        0x2 
 .data.USBD_LangIDDesc
                0x0000000020000150        0x4 USB_DEVICE/App/usbd_desc.o
                0x0000000020000150                USBD_LangIDDesc
 .data.USBD_StringSerial
                0x0000000020000154       0x1a USB_DEVICE/App/usbd_desc.o
                0x0000000020000154                USBD_StringSerial
 *fill*         0x000000002000016e        0x2 
 .data._impure_ptr
                0x0000000020000170        0x4 d:/st/stm32cubeide_1.3.0/stm32cubeide/plugins/com.st.stm32cube.ide.mcu.externaltools.gnu-tools-for-stm32.7-2018-q2-update.win32_1.0.0.201904181610/tools/bin/../lib/gcc/arm-none-eabi/7.3.1/../../../../arm-none-eabi/lib/thumb/v7e-m/fpv4-sp/hard\libc_nano.a(lib_a-impure.o)
                0x0000000020000170                _impure_ptr
 .data.impure_data
                0x0000000020000174       0x60 d:/st/stm32cubeide_1.3.0/stm32cubeide/plugins/com.st.stm32cube.ide.mcu.externaltools.gnu-tools-for-stm32.7-2018-q2-update.win32_1.0.0.201904181610/tools/bin/../lib/gcc/arm-none-eabi/7.3.1/../../../../arm-none-eabi/lib/thumb/v7e-m/fpv4-sp/hard\libc_nano.a(lib_a-impure.o)
                0x00000000200001d4                . = ALIGN (0x4)
                0x00000000200001d4                _edata = .

.igot.plt       0x00000000200001d4        0x0 load address 0x0000000008007d2c
 .igot.plt      0x00000000200001d4        0x0 d:/st/stm32cubeide_1.3.0/stm32cubeide/plugins/com.st.stm32cube.ide.mcu.externaltools.gnu-tools-for-stm32.7-2018-q2-update.win32_1.0.0.201904181610/tools/bin/../lib/gcc/arm-none-eabi/7.3.1/thumb/v7e-m/fpv4-sp/hard/crtbegin.o
                0x00000000200001d4                . = ALIGN (0x4)

.bss            0x00000000200001d4      0x920 load address 0x0000000008007d2c
                0x00000000200001d4                _sbss = .
                0x00000000200001d4                __bss_start__ = _sbss
 *(.bss)
 .bss           0x00000000200001d4       0x1c d:/st/stm32cubeide_1.3.0/stm32cubeide/plugins/com.st.stm32cube.ide.mcu.externaltools.gnu-tools-for-stm32.7-2018-q2-update.win32_1.0.0.201904181610/tools/bin/../lib/gcc/arm-none-eabi/7.3.1/thumb/v7e-m/fpv4-sp/hard/crtbegin.o
 *(.bss*)
 .bss.CurrentKeyStateLeft
                0x00000000200001f0        0x1 Core/Src/5IO_Keypad.o
                0x00000000200001f0                CurrentKeyStateLeft
 .bss.CurrentKeyStateRight
                0x00000000200001f1        0x1 Core/Src/5IO_Keypad.o
                0x00000000200001f1                CurrentKeyStateRight
 .bss.CHANGED   0x00000000200001f2        0x1 Core/Src/main.o
                0x00000000200001f2                CHANGED
 *fill*         0x00000000200001f3        0x1 
 .bss.heap_end.6424
                0x00000000200001f4        0x4 Core/Src/sysmem.o
 .bss.cfgidx.9743
                0x00000000200001f8        0x1 Middlewares/ST/STM32_USB_Device_Library/Core/Src/usbd_ctlreq.o
 *fill*         0x00000000200001f9        0x3 
 .bss.__malloc_free_list
                0x00000000200001fc        0x4 d:/st/stm32cubeide_1.3.0/stm32cubeide/plugins/com.st.stm32cube.ide.mcu.externaltools.gnu-tools-for-stm32.7-2018-q2-update.win32_1.0.0.201904181610/tools/bin/../lib/gcc/arm-none-eabi/7.3.1/../../../../arm-none-eabi/lib/thumb/v7e-m/fpv4-sp/hard\libc_nano.a(lib_a-nano-mallocr.o)
                0x00000000200001fc                __malloc_free_list
 .bss.__malloc_sbrk_start
                0x0000000020000200        0x4 d:/st/stm32cubeide_1.3.0/stm32cubeide/plugins/com.st.stm32cube.ide.mcu.externaltools.gnu-tools-for-stm32.7-2018-q2-update.win32_1.0.0.201904181610/tools/bin/../lib/gcc/arm-none-eabi/7.3.1/../../../../arm-none-eabi/lib/thumb/v7e-m/fpv4-sp/hard\libc_nano.a(lib_a-nano-mallocr.o)
                0x0000000020000200                __malloc_sbrk_start
 *(COMMON)
 COMMON         0x0000000020000204        0xe Core/Src/main.o
                0x0000000020000204                gamepadReport
                0x000000002000020c                dataSendBuffer
 *fill*         0x0000000020000212        0x2 
 COMMON         0x0000000020000214        0x4 Drivers/STM32F4xx_HAL_Driver/Src/stm32f4xx_hal.o
                0x0000000020000214                uwTick
 COMMON         0x0000000020000218      0x2d0 USB_DEVICE/App/usb_device.o
                0x0000000020000218                hUsbDeviceFS
 COMMON         0x00000000200004e8      0x200 USB_DEVICE/App/usbd_desc.o
                0x00000000200004e8                USBD_StrDesc
 COMMON         0x00000000200006e8      0x408 USB_DEVICE/Target/usbd_conf.o
                0x00000000200006e8                hpcd_USB_OTG_FS
 COMMON         0x0000000020000af0        0x4 d:/st/stm32cubeide_1.3.0/stm32cubeide/plugins/com.st.stm32cube.ide.mcu.externaltools.gnu-tools-for-stm32.7-2018-q2-update.win32_1.0.0.201904181610/tools/bin/../lib/gcc/arm-none-eabi/7.3.1/../../../../arm-none-eabi/lib/thumb/v7e-m/fpv4-sp/hard\libc_nano.a(lib_a-reent.o)
                0x0000000020000af0                errno
                0x0000000020000af4                . = ALIGN (0x4)
                0x0000000020000af4                _ebss = .
                0x0000000020000af4                __bss_end__ = _ebss

._user_heap_stack
                0x0000000020000af4      0x604 load address 0x0000000008007d2c
                0x0000000020000af8                . = ALIGN (0x8)
 *fill*         0x0000000020000af4        0x4 
                0x0000000020000af8                PROVIDE (end = .)
                [!provide]                        PROVIDE (_end = .)
                0x0000000020000cf8                . = (. + _Min_Heap_Size)
 *fill*         0x0000000020000af8      0x200 
                0x00000000200010f8                . = (. + _Min_Stack_Size)
 *fill*         0x0000000020000cf8      0x400 
                0x00000000200010f8                . = ALIGN (0x8)

/DISCARD/
 libc.a(*)
 libm.a(*)
 libgcc.a(*)

.ARM.attributes
                0x0000000000000000       0x30
 *(.ARM.attributes)
 .ARM.attributes
                0x0000000000000000       0x22 d:/st/stm32cubeide_1.3.0/stm32cubeide/plugins/com.st.stm32cube.ide.mcu.externaltools.gnu-tools-for-stm32.7-2018-q2-update.win32_1.0.0.201904181610/tools/bin/../lib/gcc/arm-none-eabi/7.3.1/thumb/v7e-m/fpv4-sp/hard/crti.o
 .ARM.attributes
                0x0000000000000022       0x34 d:/st/stm32cubeide_1.3.0/stm32cubeide/plugins/com.st.stm32cube.ide.mcu.externaltools.gnu-tools-for-stm32.7-2018-q2-update.win32_1.0.0.201904181610/tools/bin/../lib/gcc/arm-none-eabi/7.3.1/thumb/v7e-m/fpv4-sp/hard/crtbegin.o
 .ARM.attributes
                0x0000000000000056       0x39 Core/Src/5IO_Keypad.o
 .ARM.attributes
                0x000000000000008f       0x39 Core/Src/main.o
 .ARM.attributes
                0x00000000000000c8       0x39 Core/Src/stm32f4xx_hal_msp.o
 .ARM.attributes
                0x0000000000000101       0x39 Core/Src/stm32f4xx_it.o
 .ARM.attributes
                0x000000000000013a       0x39 Core/Src/sysmem.o
 .ARM.attributes
                0x0000000000000173       0x39 Core/Src/system_stm32f4xx.o
 .ARM.attributes
                0x00000000000001ac       0x21 Core/Startup/startup_stm32f407vgtx.o
 .ARM.attributes
                0x00000000000001cd       0x39 Drivers/STM32F4xx_HAL_Driver/Src/stm32f4xx_hal.o
 .ARM.attributes
                0x0000000000000206       0x39 Drivers/STM32F4xx_HAL_Driver/Src/stm32f4xx_hal_cortex.o
 .ARM.attributes
                0x000000000000023f       0x39 Drivers/STM32F4xx_HAL_Driver/Src/stm32f4xx_hal_gpio.o
 .ARM.attributes
                0x0000000000000278       0x39 Drivers/STM32F4xx_HAL_Driver/Src/stm32f4xx_hal_pcd.o
 .ARM.attributes
                0x00000000000002b1       0x39 Drivers/STM32F4xx_HAL_Driver/Src/stm32f4xx_hal_pcd_ex.o
 .ARM.attributes
                0x00000000000002ea       0x39 Drivers/STM32F4xx_HAL_Driver/Src/stm32f4xx_hal_rcc.o
 .ARM.attributes
                0x0000000000000323       0x39 Drivers/STM32F4xx_HAL_Driver/Src/stm32f4xx_ll_usb.o
 .ARM.attributes
                0x000000000000035c       0x39 Middlewares/ST/STM32_USB_Device_Library/Class/CustomHID/Src/usbd_customhid.o
 .ARM.attributes
                0x0000000000000395       0x39 Middlewares/ST/STM32_USB_Device_Library/Core/Src/usbd_core.o
 .ARM.attributes
                0x00000000000003ce       0x39 Middlewares/ST/STM32_USB_Device_Library/Core/Src/usbd_ctlreq.o
 .ARM.attributes
                0x0000000000000407       0x39 Middlewares/ST/STM32_USB_Device_Library/Core/Src/usbd_ioreq.o
 .ARM.attributes
                0x0000000000000440       0x39 USB_DEVICE/App/usb_device.o
 .ARM.attributes
                0x0000000000000479       0x39 USB_DEVICE/App/usbd_custom_hid_if.o
 .ARM.attributes
                0x00000000000004b2       0x39 USB_DEVICE/App/usbd_desc.o
 .ARM.attributes
                0x00000000000004eb       0x39 USB_DEVICE/Target/usbd_conf.o
 .ARM.attributes
                0x0000000000000524       0x34 d:/st/stm32cubeide_1.3.0/stm32cubeide/plugins/com.st.stm32cube.ide.mcu.externaltools.gnu-tools-for-stm32.7-2018-q2-update.win32_1.0.0.201904181610/tools/bin/../lib/gcc/arm-none-eabi/7.3.1/../../../../arm-none-eabi/lib/thumb/v7e-m/fpv4-sp/hard\libc_nano.a(lib_a-errno.o)
 .ARM.attributes
                0x0000000000000558       0x34 d:/st/stm32cubeide_1.3.0/stm32cubeide/plugins/com.st.stm32cube.ide.mcu.externaltools.gnu-tools-for-stm32.7-2018-q2-update.win32_1.0.0.201904181610/tools/bin/../lib/gcc/arm-none-eabi/7.3.1/../../../../arm-none-eabi/lib/thumb/v7e-m/fpv4-sp/hard\libc_nano.a(lib_a-impure.o)
 .ARM.attributes
                0x000000000000058c       0x34 d:/st/stm32cubeide_1.3.0/stm32cubeide/plugins/com.st.stm32cube.ide.mcu.externaltools.gnu-tools-for-stm32.7-2018-q2-update.win32_1.0.0.201904181610/tools/bin/../lib/gcc/arm-none-eabi/7.3.1/../../../../arm-none-eabi/lib/thumb/v7e-m/fpv4-sp/hard\libc_nano.a(lib_a-init.o)
 .ARM.attributes
                0x00000000000005c0       0x34 d:/st/stm32cubeide_1.3.0/stm32cubeide/plugins/com.st.stm32cube.ide.mcu.externaltools.gnu-tools-for-stm32.7-2018-q2-update.win32_1.0.0.201904181610/tools/bin/../lib/gcc/arm-none-eabi/7.3.1/../../../../arm-none-eabi/lib/thumb/v7e-m/fpv4-sp/hard\libc_nano.a(lib_a-malloc.o)
 .ARM.attributes
                0x00000000000005f4       0x34 d:/st/stm32cubeide_1.3.0/stm32cubeide/plugins/com.st.stm32cube.ide.mcu.externaltools.gnu-tools-for-stm32.7-2018-q2-update.win32_1.0.0.201904181610/tools/bin/../lib/gcc/arm-none-eabi/7.3.1/../../../../arm-none-eabi/lib/thumb/v7e-m/fpv4-sp/hard\libc_nano.a(lib_a-memset.o)
 .ARM.attributes
                0x0000000000000628       0x34 d:/st/stm32cubeide_1.3.0/stm32cubeide/plugins/com.st.stm32cube.ide.mcu.externaltools.gnu-tools-for-stm32.7-2018-q2-update.win32_1.0.0.201904181610/tools/bin/../lib/gcc/arm-none-eabi/7.3.1/../../../../arm-none-eabi/lib/thumb/v7e-m/fpv4-sp/hard\libc_nano.a(lib_a-nano-freer.o)
 .ARM.attributes
                0x000000000000065c       0x34 d:/st/stm32cubeide_1.3.0/stm32cubeide/plugins/com.st.stm32cube.ide.mcu.externaltools.gnu-tools-for-stm32.7-2018-q2-update.win32_1.0.0.201904181610/tools/bin/../lib/gcc/arm-none-eabi/7.3.1/../../../../arm-none-eabi/lib/thumb/v7e-m/fpv4-sp/hard\libc_nano.a(lib_a-nano-mallocr.o)
 .ARM.attributes
                0x0000000000000690       0x34 d:/st/stm32cubeide_1.3.0/stm32cubeide/plugins/com.st.stm32cube.ide.mcu.externaltools.gnu-tools-for-stm32.7-2018-q2-update.win32_1.0.0.201904181610/tools/bin/../lib/gcc/arm-none-eabi/7.3.1/../../../../arm-none-eabi/lib/thumb/v7e-m/fpv4-sp/hard\libc_nano.a(lib_a-sbrkr.o)
 .ARM.attributes
                0x00000000000006c4       0x34 d:/st/stm32cubeide_1.3.0/stm32cubeide/plugins/com.st.stm32cube.ide.mcu.externaltools.gnu-tools-for-stm32.7-2018-q2-update.win32_1.0.0.201904181610/tools/bin/../lib/gcc/arm-none-eabi/7.3.1/../../../../arm-none-eabi/lib/thumb/v7e-m/fpv4-sp/hard\libc_nano.a(lib_a-findfp.o)
 .ARM.attributes
                0x00000000000006f8       0x34 d:/st/stm32cubeide_1.3.0/stm32cubeide/plugins/com.st.stm32cube.ide.mcu.externaltools.gnu-tools-for-stm32.7-2018-q2-update.win32_1.0.0.201904181610/tools/bin/../lib/gcc/arm-none-eabi/7.3.1/../../../../arm-none-eabi/lib/thumb/v7e-m/fpv4-sp/hard\libc_nano.a(lib_a-mlock.o)
 .ARM.attributes
                0x000000000000072c       0x34 d:/st/stm32cubeide_1.3.0/stm32cubeide/plugins/com.st.stm32cube.ide.mcu.externaltools.gnu-tools-for-stm32.7-2018-q2-update.win32_1.0.0.201904181610/tools/bin/../lib/gcc/arm-none-eabi/7.3.1/../../../../arm-none-eabi/lib/thumb/v7e-m/fpv4-sp/hard\libc_nano.a(lib_a-reent.o)
 .ARM.attributes
                0x0000000000000760       0x22 d:/st/stm32cubeide_1.3.0/stm32cubeide/plugins/com.st.stm32cube.ide.mcu.externaltools.gnu-tools-for-stm32.7-2018-q2-update.win32_1.0.0.201904181610/tools/bin/../lib/gcc/arm-none-eabi/7.3.1/thumb/v7e-m/fpv4-sp/hard\libgcc.a(_aeabi_uldivmod.o)
 .ARM.attributes
                0x0000000000000782       0x34 d:/st/stm32cubeide_1.3.0/stm32cubeide/plugins/com.st.stm32cube.ide.mcu.externaltools.gnu-tools-for-stm32.7-2018-q2-update.win32_1.0.0.201904181610/tools/bin/../lib/gcc/arm-none-eabi/7.3.1/thumb/v7e-m/fpv4-sp/hard\libgcc.a(_udivmoddi4.o)
 .ARM.attributes
                0x00000000000007b6       0x22 d:/st/stm32cubeide_1.3.0/stm32cubeide/plugins/com.st.stm32cube.ide.mcu.externaltools.gnu-tools-for-stm32.7-2018-q2-update.win32_1.0.0.201904181610/tools/bin/../lib/gcc/arm-none-eabi/7.3.1/thumb/v7e-m/fpv4-sp/hard\libgcc.a(_dvmd_tls.o)
 .ARM.attributes
                0x00000000000007d8       0x22 d:/st/stm32cubeide_1.3.0/stm32cubeide/plugins/com.st.stm32cube.ide.mcu.externaltools.gnu-tools-for-stm32.7-2018-q2-update.win32_1.0.0.201904181610/tools/bin/../lib/gcc/arm-none-eabi/7.3.1/thumb/v7e-m/fpv4-sp/hard/crtn.o
OUTPUT(game_pad.elf elf32-littlearm)

.debug_info     0x0000000000000000    0x12b3d
 .debug_info    0x0000000000000000     0x12f1 Core/Src/5IO_Keypad.o
 .debug_info    0x00000000000012f1     0x1439 Core/Src/main.o
 .debug_info    0x000000000000272a      0x362 Core/Src/stm32f4xx_hal_msp.o
 .debug_info    0x0000000000002a8c      0x675 Core/Src/stm32f4xx_it.o
 .debug_info    0x0000000000003101      0x91c Core/Src/sysmem.o
 .debug_info    0x0000000000003a1d      0x554 Core/Src/system_stm32f4xx.o
 .debug_info    0x0000000000003f71       0x22 Core/Startup/startup_stm32f407vgtx.o
 .debug_info    0x0000000000003f93      0x945 Drivers/STM32F4xx_HAL_Driver/Src/stm32f4xx_hal.o
 .debug_info    0x00000000000048d8      0xe28 Drivers/STM32F4xx_HAL_Driver/Src/stm32f4xx_hal_cortex.o
 .debug_info    0x0000000000005700      0x7b5 Drivers/STM32F4xx_HAL_Driver/Src/stm32f4xx_hal_gpio.o
 .debug_info    0x0000000000005eb5     0x1114 Drivers/STM32F4xx_HAL_Driver/Src/stm32f4xx_hal_pcd.o
 .debug_info    0x0000000000006fc9      0x753 Drivers/STM32F4xx_HAL_Driver/Src/stm32f4xx_hal_pcd_ex.o
 .debug_info    0x000000000000771c      0x904 Drivers/STM32F4xx_HAL_Driver/Src/stm32f4xx_hal_rcc.o
 .debug_info    0x0000000000008020     0x18dd Drivers/STM32F4xx_HAL_Driver/Src/stm32f4xx_ll_usb.o
 .debug_info    0x00000000000098fd     0x12e6 Middlewares/ST/STM32_USB_Device_Library/Class/CustomHID/Src/usbd_customhid.o
 .debug_info    0x000000000000abe3     0x1285 Middlewares/ST/STM32_USB_Device_Library/Core/Src/usbd_core.o
 .debug_info    0x000000000000be68     0x123d Middlewares/ST/STM32_USB_Device_Library/Core/Src/usbd_ctlreq.o
 .debug_info    0x000000000000d0a5      0xf88 Middlewares/ST/STM32_USB_Device_Library/Core/Src/usbd_ioreq.o
 .debug_info    0x000000000000e02d      0xeab USB_DEVICE/App/usb_device.o
 .debug_info    0x000000000000eed8      0xf18 USB_DEVICE/App/usbd_custom_hid_if.o
 .debug_info    0x000000000000fdf0      0xd20 USB_DEVICE/App/usbd_desc.o
 .debug_info    0x0000000000010b10     0x202d USB_DEVICE/Target/usbd_conf.o

.debug_abbrev   0x0000000000000000     0x2c8a
 .debug_abbrev  0x0000000000000000      0x271 Core/Src/5IO_Keypad.o
 .debug_abbrev  0x0000000000000271      0x26e Core/Src/main.o
 .debug_abbrev  0x00000000000004df      0x109 Core/Src/stm32f4xx_hal_msp.o
 .debug_abbrev  0x00000000000005e8      0x164 Core/Src/stm32f4xx_it.o
 .debug_abbrev  0x000000000000074c      0x1bb Core/Src/sysmem.o
 .debug_abbrev  0x0000000000000907      0x12b Core/Src/system_stm32f4xx.o
 .debug_abbrev  0x0000000000000a32       0x12 Core/Startup/startup_stm32f407vgtx.o
 .debug_abbrev  0x0000000000000a44      0x1c7 Drivers/STM32F4xx_HAL_Driver/Src/stm32f4xx_hal.o
 .debug_abbrev  0x0000000000000c0b      0x2fa Drivers/STM32F4xx_HAL_Driver/Src/stm32f4xx_hal_cortex.o
 .debug_abbrev  0x0000000000000f05      0x1c9 Drivers/STM32F4xx_HAL_Driver/Src/stm32f4xx_hal_gpio.o
 .debug_abbrev  0x00000000000010ce      0x266 Drivers/STM32F4xx_HAL_Driver/Src/stm32f4xx_hal_pcd.o
 .debug_abbrev  0x0000000000001334      0x1cf Drivers/STM32F4xx_HAL_Driver/Src/stm32f4xx_hal_pcd_ex.o
 .debug_abbrev  0x0000000000001503      0x245 Drivers/STM32F4xx_HAL_Driver/Src/stm32f4xx_hal_rcc.o
 .debug_abbrev  0x0000000000001748      0x26d Drivers/STM32F4xx_HAL_Driver/Src/stm32f4xx_ll_usb.o
 .debug_abbrev  0x00000000000019b5      0x2a2 Middlewares/ST/STM32_USB_Device_Library/Class/CustomHID/Src/usbd_customhid.o
 .debug_abbrev  0x0000000000001c57      0x27d Middlewares/ST/STM32_USB_Device_Library/Core/Src/usbd_core.o
 .debug_abbrev  0x0000000000001ed4      0x2ba Middlewares/ST/STM32_USB_Device_Library/Core/Src/usbd_ctlreq.o
 .debug_abbrev  0x000000000000218e      0x1fc Middlewares/ST/STM32_USB_Device_Library/Core/Src/usbd_ioreq.o
 .debug_abbrev  0x000000000000238a      0x1da USB_DEVICE/App/usb_device.o
 .debug_abbrev  0x0000000000002564      0x211 USB_DEVICE/App/usbd_custom_hid_if.o
 .debug_abbrev  0x0000000000002775      0x265 USB_DEVICE/App/usbd_desc.o
 .debug_abbrev  0x00000000000029da      0x2b0 USB_DEVICE/Target/usbd_conf.o

.debug_aranges  0x0000000000000000      0xbb8
 .debug_aranges
                0x0000000000000000       0xc8 Core/Src/5IO_Keypad.o
 .debug_aranges
                0x00000000000000c8       0x48 Core/Src/main.o
 .debug_aranges
                0x0000000000000110       0x20 Core/Src/stm32f4xx_hal_msp.o
 .debug_aranges
                0x0000000000000130       0x68 Core/Src/stm32f4xx_it.o
 .debug_aranges
                0x0000000000000198       0x20 Core/Src/sysmem.o
 .debug_aranges
                0x00000000000001b8       0x28 Core/Src/system_stm32f4xx.o
 .debug_aranges
                0x00000000000001e0       0x28 Core/Startup/startup_stm32f407vgtx.o
 .debug_aranges
                0x0000000000000208       0xf0 Drivers/STM32F4xx_HAL_Driver/Src/stm32f4xx_hal.o
 .debug_aranges
                0x00000000000002f8      0x118 Drivers/STM32F4xx_HAL_Driver/Src/stm32f4xx_hal_cortex.o
 .debug_aranges
                0x0000000000000410       0x58 Drivers/STM32F4xx_HAL_Driver/Src/stm32f4xx_hal_gpio.o
 .debug_aranges
                0x0000000000000468      0x130 Drivers/STM32F4xx_HAL_Driver/Src/stm32f4xx_hal_pcd.o
 .debug_aranges
                0x0000000000000598       0x38 Drivers/STM32F4xx_HAL_Driver/Src/stm32f4xx_hal_pcd_ex.o
 .debug_aranges
                0x00000000000005d0       0x88 Drivers/STM32F4xx_HAL_Driver/Src/stm32f4xx_hal_rcc.o
 .debug_aranges
                0x0000000000000658      0x198 Drivers/STM32F4xx_HAL_Driver/Src/stm32f4xx_ll_usb.o
 .debug_aranges
                0x00000000000007f0       0x80 Middlewares/ST/STM32_USB_Device_Library/Class/CustomHID/Src/usbd_customhid.o
 .debug_aranges
                0x0000000000000870       0xb8 Middlewares/ST/STM32_USB_Device_Library/Core/Src/usbd_core.o
 .debug_aranges
                0x0000000000000928       0x90 Middlewares/ST/STM32_USB_Device_Library/Core/Src/usbd_ctlreq.o
 .debug_aranges
                0x00000000000009b8       0x50 Middlewares/ST/STM32_USB_Device_Library/Core/Src/usbd_ioreq.o
 .debug_aranges
                0x0000000000000a08       0x20 USB_DEVICE/App/usb_device.o
 .debug_aranges
                0x0000000000000a28       0x30 USB_DEVICE/App/usbd_custom_hid_if.o
 .debug_aranges
                0x0000000000000a58       0x60 USB_DEVICE/App/usbd_desc.o
 .debug_aranges
                0x0000000000000ab8      0x100 USB_DEVICE/Target/usbd_conf.o

.debug_ranges   0x0000000000000000      0xa60
 .debug_ranges  0x0000000000000000       0xb8 Core/Src/5IO_Keypad.o
 .debug_ranges  0x00000000000000b8       0x38 Core/Src/main.o
 .debug_ranges  0x00000000000000f0       0x10 Core/Src/stm32f4xx_hal_msp.o
 .debug_ranges  0x0000000000000100       0x58 Core/Src/stm32f4xx_it.o
 .debug_ranges  0x0000000000000158       0x10 Core/Src/sysmem.o
 .debug_ranges  0x0000000000000168       0x18 Core/Src/system_stm32f4xx.o
 .debug_ranges  0x0000000000000180       0x20 Core/Startup/startup_stm32f407vgtx.o
 .debug_ranges  0x00000000000001a0       0xe0 Drivers/STM32F4xx_HAL_Driver/Src/stm32f4xx_hal.o
 .debug_ranges  0x0000000000000280      0x108 Drivers/STM32F4xx_HAL_Driver/Src/stm32f4xx_hal_cortex.o
 .debug_ranges  0x0000000000000388       0x48 Drivers/STM32F4xx_HAL_Driver/Src/stm32f4xx_hal_gpio.o
 .debug_ranges  0x00000000000003d0      0x120 Drivers/STM32F4xx_HAL_Driver/Src/stm32f4xx_hal_pcd.o
 .debug_ranges  0x00000000000004f0       0x28 Drivers/STM32F4xx_HAL_Driver/Src/stm32f4xx_hal_pcd_ex.o
 .debug_ranges  0x0000000000000518       0x78 Drivers/STM32F4xx_HAL_Driver/Src/stm32f4xx_hal_rcc.o
 .debug_ranges  0x0000000000000590      0x188 Drivers/STM32F4xx_HAL_Driver/Src/stm32f4xx_ll_usb.o
 .debug_ranges  0x0000000000000718       0x70 Middlewares/ST/STM32_USB_Device_Library/Class/CustomHID/Src/usbd_customhid.o
 .debug_ranges  0x0000000000000788       0xa8 Middlewares/ST/STM32_USB_Device_Library/Core/Src/usbd_core.o
 .debug_ranges  0x0000000000000830       0x80 Middlewares/ST/STM32_USB_Device_Library/Core/Src/usbd_ctlreq.o
 .debug_ranges  0x00000000000008b0       0x40 Middlewares/ST/STM32_USB_Device_Library/Core/Src/usbd_ioreq.o
 .debug_ranges  0x00000000000008f0       0x10 USB_DEVICE/App/usb_device.o
 .debug_ranges  0x0000000000000900       0x20 USB_DEVICE/App/usbd_custom_hid_if.o
 .debug_ranges  0x0000000000000920       0x50 USB_DEVICE/App/usbd_desc.o
 .debug_ranges  0x0000000000000970       0xf0 USB_DEVICE/Target/usbd_conf.o

.debug_macro    0x0000000000000000    0x23618
 .debug_macro   0x0000000000000000      0x333 Core/Src/5IO_Keypad.o
 .debug_macro   0x0000000000000333      0xa5a Core/Src/5IO_Keypad.o
 .debug_macro   0x0000000000000d8d       0x22 Core/Src/5IO_Keypad.o
 .debug_macro   0x0000000000000daf       0x40 Core/Src/5IO_Keypad.o
 .debug_macro   0x0000000000000def       0x18 Core/Src/5IO_Keypad.o
 .debug_macro   0x0000000000000e07       0x94 Core/Src/5IO_Keypad.o
 .debug_macro   0x0000000000000e9b       0x3c Core/Src/5IO_Keypad.o
 .debug_macro   0x0000000000000ed7       0x34 Core/Src/5IO_Keypad.o
 .debug_macro   0x0000000000000f0b       0x16 Core/Src/5IO_Keypad.o
 .debug_macro   0x0000000000000f21       0x57 Core/Src/5IO_Keypad.o
 .debug_macro   0x0000000000000f78       0x97 Core/Src/5IO_Keypad.o
 .debug_macro   0x000000000000100f      0x330 Core/Src/5IO_Keypad.o
 .debug_macro   0x000000000000133f       0xfd Core/Src/5IO_Keypad.o
 .debug_macro   0x000000000000143c       0x10 Core/Src/5IO_Keypad.o
 .debug_macro   0x000000000000144c       0x52 Core/Src/5IO_Keypad.o
 .debug_macro   0x000000000000149e       0x1f Core/Src/5IO_Keypad.o
 .debug_macro   0x00000000000014bd       0x43 Core/Src/5IO_Keypad.o
 .debug_macro   0x0000000000001500       0x20 Core/Src/5IO_Keypad.o
 .debug_macro   0x0000000000001520      0x1a3 Core/Src/5IO_Keypad.o
 .debug_macro   0x00000000000016c3       0x10 Core/Src/5IO_Keypad.o
 .debug_macro   0x00000000000016d3       0x6a Core/Src/5IO_Keypad.o
 .debug_macro   0x000000000000173d       0x1c Core/Src/5IO_Keypad.o
 .debug_macro   0x0000000000001759       0x52 Core/Src/5IO_Keypad.o
 .debug_macro   0x00000000000017ab       0x40 Core/Src/5IO_Keypad.o
 .debug_macro   0x00000000000017eb       0x10 Core/Src/5IO_Keypad.o
 .debug_macro   0x00000000000017fb       0x40 Core/Src/5IO_Keypad.o
 .debug_macro   0x000000000000183b       0xd7 Core/Src/5IO_Keypad.o
 .debug_macro   0x0000000000001912       0x1c Core/Src/5IO_Keypad.o
 .debug_macro   0x000000000000192e       0x3d Core/Src/5IO_Keypad.o
 .debug_macro   0x000000000000196b       0x16 Core/Src/5IO_Keypad.o
 .debug_macro   0x0000000000001981      0x145 Core/Src/5IO_Keypad.o
 .debug_macro   0x0000000000001ac6      0x184 Core/Src/5IO_Keypad.o
 .debug_macro   0x0000000000001c4a       0x2e Core/Src/5IO_Keypad.o
 .debug_macro   0x0000000000001c78       0x2f Core/Src/5IO_Keypad.o
 .debug_macro   0x0000000000001ca7       0xef Core/Src/5IO_Keypad.o
 .debug_macro   0x0000000000001d96      0x1df Core/Src/5IO_Keypad.o
 .debug_macro   0x0000000000001f75       0x1c Core/Src/5IO_Keypad.o
 .debug_macro   0x0000000000001f91       0x22 Core/Src/5IO_Keypad.o
 .debug_macro   0x0000000000001fb3       0xd9 Core/Src/5IO_Keypad.o
 .debug_macro   0x000000000000208c     0x102d Core/Src/5IO_Keypad.o
 .debug_macro   0x00000000000030b9      0x11f Core/Src/5IO_Keypad.o
 .debug_macro   0x00000000000031d8    0x15e3c Core/Src/5IO_Keypad.o
 .debug_macro   0x0000000000019014       0x43 Core/Src/5IO_Keypad.o
 .debug_macro   0x0000000000019057     0x3659 Core/Src/5IO_Keypad.o
 .debug_macro   0x000000000001c6b0       0x54 Core/Src/5IO_Keypad.o
 .debug_macro   0x000000000001c704      0x96b Core/Src/5IO_Keypad.o
 .debug_macro   0x000000000001d06f      0x9fe Core/Src/5IO_Keypad.o
 .debug_macro   0x000000000001da6d      0x174 Core/Src/5IO_Keypad.o
 .debug_macro   0x000000000001dbe1      0x117 Core/Src/5IO_Keypad.o
 .debug_macro   0x000000000001dcf8      0x13e Core/Src/5IO_Keypad.o
 .debug_macro   0x000000000001de36       0x27 Core/Src/5IO_Keypad.o
 .debug_macro   0x000000000001de5d      0x287 Core/Src/5IO_Keypad.o
 .debug_macro   0x000000000001e0e4       0x5f Core/Src/5IO_Keypad.o
 .debug_macro   0x000000000001e143      0x236 Core/Src/5IO_Keypad.o
 .debug_macro   0x000000000001e379      0x12c Core/Src/5IO_Keypad.o
 .debug_macro   0x000000000001e4a5      0x21e Core/Src/5IO_Keypad.o
 .debug_macro   0x000000000001e6c3       0x2e Core/Src/5IO_Keypad.o
 .debug_macro   0x000000000001e6f1      0x11a Core/Src/5IO_Keypad.o
 .debug_macro   0x000000000001e80b       0x7e Core/Src/5IO_Keypad.o
 .debug_macro   0x000000000001e889       0x89 Core/Src/5IO_Keypad.o
 .debug_macro   0x000000000001e912      0x21e Core/Src/5IO_Keypad.o
 .debug_macro   0x000000000001eb30       0xba Core/Src/5IO_Keypad.o
 .debug_macro   0x000000000001ebea      0x12d Core/Src/5IO_Keypad.o
 .debug_macro   0x000000000001ed17      0x106 Core/Src/5IO_Keypad.o
 .debug_macro   0x000000000001ee1d      0x404 Core/Src/main.o
 .debug_macro   0x000000000001f221       0x8e Core/Src/main.o
 .debug_macro   0x000000000001f2af       0x51 Core/Src/main.o
 .debug_macro   0x000000000001f300       0xdf Core/Src/main.o
 .debug_macro   0x000000000001f3df      0x174 Core/Src/main.o
 .debug_macro   0x000000000001f553       0x5a Core/Src/main.o
 .debug_macro   0x000000000001f5ad       0x46 Core/Src/main.o
 .debug_macro   0x000000000001f5f3       0x35 Core/Src/main.o
 .debug_macro   0x000000000001f628      0x32a Core/Src/main.o
 .debug_macro   0x000000000001f952       0x16 Core/Src/main.o
 .debug_macro   0x000000000001f968       0x16 Core/Src/main.o
 .debug_macro   0x000000000001f97e       0x29 Core/Src/main.o
 .debug_macro   0x000000000001f9a7       0x16 Core/Src/main.o
 .debug_macro   0x000000000001f9bd       0x20 Core/Src/main.o
 .debug_macro   0x000000000001f9dd       0x72 Core/Src/main.o
 .debug_macro   0x000000000001fa4f      0x1c4 Core/Src/main.o
 .debug_macro   0x000000000001fc13       0x6b Core/Src/main.o
 .debug_macro   0x000000000001fc7e      0x10c Core/Src/main.o
 .debug_macro   0x000000000001fd8a      0x1de Core/Src/stm32f4xx_hal_msp.o
 .debug_macro   0x000000000001ff68      0x1e8 Core/Src/stm32f4xx_it.o
 .debug_macro   0x0000000000020150      0x1ae Core/Src/sysmem.o
 .debug_macro   0x00000000000202fe      0x23b Core/Src/sysmem.o
 .debug_macro   0x0000000000020539      0x1da Core/Src/system_stm32f4xx.o
 .debug_macro   0x0000000000020713      0x234 Drivers/STM32F4xx_HAL_Driver/Src/stm32f4xx_hal.o
 .debug_macro   0x0000000000020947      0x1d4 Drivers/STM32F4xx_HAL_Driver/Src/stm32f4xx_hal_cortex.o
 .debug_macro   0x0000000000020b1b      0x20a Drivers/STM32F4xx_HAL_Driver/Src/stm32f4xx_hal_gpio.o
 .debug_macro   0x0000000000020d25      0x1e0 Drivers/STM32F4xx_HAL_Driver/Src/stm32f4xx_hal_pcd.o
 .debug_macro   0x0000000000020f05      0x1d4 Drivers/STM32F4xx_HAL_Driver/Src/stm32f4xx_hal_pcd_ex.o
 .debug_macro   0x00000000000210d9      0x1f8 Drivers/STM32F4xx_HAL_Driver/Src/stm32f4xx_hal_rcc.o
 .debug_macro   0x00000000000212d1      0x1d4 Drivers/STM32F4xx_HAL_Driver/Src/stm32f4xx_ll_usb.o
 .debug_macro   0x00000000000214a5      0x3eb Middlewares/ST/STM32_USB_Device_Library/Class/CustomHID/Src/usbd_customhid.o
 .debug_macro   0x0000000000021890      0x3d2 Middlewares/ST/STM32_USB_Device_Library/Core/Src/usbd_core.o
 .debug_macro   0x0000000000021c62      0x1ca Middlewares/ST/STM32_USB_Device_Library/Core/Src/usbd_core.o
 .debug_macro   0x0000000000021e2c      0x3dc Middlewares/ST/STM32_USB_Device_Library/Core/Src/usbd_ctlreq.o
 .debug_macro   0x0000000000022208      0x3d8 Middlewares/ST/STM32_USB_Device_Library/Core/Src/usbd_ioreq.o
 .debug_macro   0x00000000000225e0      0x412 USB_DEVICE/App/usb_device.o
 .debug_macro   0x00000000000229f2       0x22 USB_DEVICE/App/usb_device.o
 .debug_macro   0x0000000000022a14      0x3f1 USB_DEVICE/App/usbd_custom_hid_if.o
 .debug_macro   0x0000000000022e05      0x415 USB_DEVICE/App/usbd_desc.o
 .debug_macro   0x000000000002321a       0x1c USB_DEVICE/App/usbd_desc.o
 .debug_macro   0x0000000000023236      0x3e2 USB_DEVICE/Target/usbd_conf.o

.debug_line     0x0000000000000000     0xdbeb
 .debug_line    0x0000000000000000     0x188a Core/Src/5IO_Keypad.o
 .debug_line    0x000000000000188a      0xaef Core/Src/main.o
 .debug_line    0x0000000000002379      0x6bf Core/Src/stm32f4xx_hal_msp.o
 .debug_line    0x0000000000002a38      0x775 Core/Src/stm32f4xx_it.o
 .debug_line    0x00000000000031ad      0x55e Core/Src/sysmem.o
 .debug_line    0x000000000000370b      0x6da Core/Src/system_stm32f4xx.o
 .debug_line    0x0000000000003de5       0x85 Core/Startup/startup_stm32f407vgtx.o
 .debug_line    0x0000000000003e6a      0x8c4 Drivers/STM32F4xx_HAL_Driver/Src/stm32f4xx_hal.o
 .debug_line    0x000000000000472e      0x9e8 Drivers/STM32F4xx_HAL_Driver/Src/stm32f4xx_hal_cortex.o
 .debug_line    0x0000000000005116      0x8a3 Drivers/STM32F4xx_HAL_Driver/Src/stm32f4xx_hal_gpio.o
 .debug_line    0x00000000000059b9      0xc3b Drivers/STM32F4xx_HAL_Driver/Src/stm32f4xx_hal_pcd.o
 .debug_line    0x00000000000065f4      0x71d Drivers/STM32F4xx_HAL_Driver/Src/stm32f4xx_hal_pcd_ex.o
 .debug_line    0x0000000000006d11      0x91c Drivers/STM32F4xx_HAL_Driver/Src/stm32f4xx_hal_rcc.o
 .debug_line    0x000000000000762d      0xdee Drivers/STM32F4xx_HAL_Driver/Src/stm32f4xx_ll_usb.o
 .debug_line    0x000000000000841b      0xb4c Middlewares/ST/STM32_USB_Device_Library/Class/CustomHID/Src/usbd_customhid.o
 .debug_line    0x0000000000008f67      0xb9c Middlewares/ST/STM32_USB_Device_Library/Core/Src/usbd_core.o
 .debug_line    0x0000000000009b03      0xc8f Middlewares/ST/STM32_USB_Device_Library/Core/Src/usbd_ctlreq.o
 .debug_line    0x000000000000a792      0xa1a Middlewares/ST/STM32_USB_Device_Library/Core/Src/usbd_ioreq.o
 .debug_line    0x000000000000b1ac      0xa0f USB_DEVICE/App/usb_device.o
 .debug_line    0x000000000000bbbb      0xa16 USB_DEVICE/App/usbd_custom_hid_if.o
 .debug_line    0x000000000000c5d1      0xa4e USB_DEVICE/App/usbd_desc.o
 .debug_line    0x000000000000d01f      0xbcc USB_DEVICE/Target/usbd_conf.o

.debug_str      0x0000000000000000    0xc3eb0
 .debug_str     0x0000000000000000    0xbf5ce Core/Src/5IO_Keypad.o
                                      0xbf8df (size before relaxing)
 .debug_str     0x00000000000bf5ce     0x12c1 Core/Src/main.o
                                      0xc09a5 (size before relaxing)
 .debug_str     0x00000000000c088f       0x2c Core/Src/stm32f4xx_hal_msp.o
                                      0xbae6b (size before relaxing)
 .debug_str     0x00000000000c08bb      0x427 Core/Src/stm32f4xx_it.o
                                      0xbb1ae (size before relaxing)
 .debug_str     0x00000000000c0ce2      0x4f9 Core/Src/sysmem.o
                                       0x7aef (size before relaxing)
 .debug_str     0x00000000000c11db       0xc4 Core/Src/system_stm32f4xx.o
                                      0xbaef2 (size before relaxing)
 .debug_str     0x00000000000c129f       0x36 Core/Startup/startup_stm32f407vgtx.o
                                         0x71 (size before relaxing)
 .debug_str     0x00000000000c12d5      0xa54 Drivers/STM32F4xx_HAL_Driver/Src/stm32f4xx_hal.o
                                      0xbb9bf (size before relaxing)
 .debug_str     0x00000000000c1d29      0x3a5 Drivers/STM32F4xx_HAL_Driver/Src/stm32f4xx_hal_cortex.o
                                      0xbb7ae (size before relaxing)
 .debug_str     0x00000000000c20ce      0x20c Drivers/STM32F4xx_HAL_Driver/Src/stm32f4xx_hal_gpio.o